<html>
<body>
<pre>
<h1>礦ision Build Log</h1>
<h2>Tool Versions:</h2>
IDE-Version: μVision V5.20.0.0
Copyright (C) 2016 ARM Ltd and ARM Germany GmbH. All rights reserved.
License Information: m Microsoft, Microsoft, LIC=TIVHL-0ED2F-JI25S-LEGYA-AGN9Z-W47WG
 
Tool Versions:
Toolchain:       MDK-ARM Plus  Version: 5.20
Toolchain Path:  d:\Keil\ARM\ARMCC\Bin
C Compiler:      Armcc.exe V5.06 update 2 (build 183)
Assembler:       Armasm.exe V5.06 update 2 (build 183)
Linker/Locator:  ArmLink.exe V5.06 update 2 (build 183)
Library Manager: ArmAr.exe V5.06 update 2 (build 183)
Hex Converter:   FromElf.exe V5.06 update 2 (build 183)
CPU DLL:         SARMCM3.DLL V5.20
Dialog DLL:      DCM.DLL V1.13.7.0
Target DLL:      Segger\JL2CM3.dll V2.99.20.0
Dialog DLL:      TCM.DLL V1.14.9.0
 
<h2>Project:</h2>
E:\CompanyFiles\原始功能代码-功能实现\20160330系统库测试\20160601系统库测试设备端移植程序\368.IGL1202-S0 -智能触摸面板\Branches\Transition Upgrade package SRC\SRC\Project\TouchPad_CircleGlass.uvprojx
Project File Date:  06/14/2016

<h2>Output:</h2>
*** Using Compiler 'V5.06 update 2 (build 183)', folder: 'd:\Keil\ARM\ARMCC\Bin'
Rebuild target 'STM32L152'
assembling startup_stm32l1xx_md.s...
compiling BestFuLib.c...
compiling system_stm32l1xx.c...
compiling Command.c...
compiling CMDProcess.c...
compiling CRC.c...
compiling Delay.c...
compiling FaultManage.c...
compiling FlashAttr.c...
compiling Fifo.c...
compiling EEPROM.c...
compiling LinkScanFifo.c...
compiling Linksimplest.c...
compiling Linksrc.c...
compiling LinkWRDC.c...
compiling Object.c...
compiling MsgPackage.c...
compiling Scene&Group.c...
compiling Sign433.c...
compiling Sign433Attr.c...
compiling SysExeAttr.c...
compiling SysTestAttr.c...
compiling Thread.c...
compiling UnitShare_Attr.c...
compiling Updata.c...
compiling Upload.c...
compiling UserData.c...
compiling UserDataDownload.c...
compiling DeviceReset.c...
compiling Flash.c...
compiling Gpio.c...
compiling I2C.C...
compiling Instruct.c...
compiling Program.c...
compiling Sys.c...
compiling SI4432.c...
compiling SPI.c...
compiling SysTick.c...
compiling SysHard.c...
compiling Test.c...
compiling WDG.c...
compiling Usart.c...
compiling ADC.c...
compiling Battery.c...
compiling BatteryExeAttr.c...
compiling FlashSizeFlag.c...
compiling LowPower.c...
compiling UnitCfg.c...
compiling main.c...
compiling IIC.c...
compiling USART2.c...
compiling WTC6216.c...
compiling TouchPadPic.c...
compiling OLED.c...
compiling 74HC595.c...
compiling Queue.c...
compiling iwdg.c...
compiling Key.c...
compiling ShowLED.c...
compiling KeyExeAttr.c...
linking...
Program Size: Code=31812 RO-data=4156 RW-data=364 ZI-data=9276  
FromELF: creating hex file...
"..\Output\IGL1202-S0_9999_B.axf" - 0 Error(s), 0 Warning(s).

<h2>Collection of Component include folders:</h2>
  E:\CompanyFiles\原始功能代码-功能实现\20160330系统库测试\20160601系统库测试设备端移植程序\368.IGL1202-S0 -智能触摸面板\Branches\Transition Upgrade package SRC\SRC\Project\RTE
  d:\Keil\ARM\PACK\Keil\STM32L1xx_DFP\1.0.2\Device\Include

<h2>Collection of Component Files used:</h2>
Build Time Elapsed:  00:00:09
</pre>
</body>
</html>
