Component: ARM Compiler 5.06 update 2 (build 183) Tool: armlink [4d35b7]

==============================================================================

Section Cross References

    system_stm32l1xx.o(.text) refers to system_stm32l1xx.o(.data) for PLLMulTable
    startup_stm32l1xx_md.o(STACK) refers (Special) to heapauxi.o(.text) for __use_two_region_memory
    startup_stm32l1xx_md.o(HEAP) refers (Special) to heapauxi.o(.text) for __use_two_region_memory
    startup_stm32l1xx_md.o(RESET) refers (Special) to heapauxi.o(.text) for __use_two_region_memory
    startup_stm32l1xx_md.o(RESET) refers to startup_stm32l1xx_md.o(STACK) for __initial_sp
    startup_stm32l1xx_md.o(RESET) refers to startup_stm32l1xx_md.o(.text) for Reset_Handler
    startup_stm32l1xx_md.o(RESET) refers to systick.o(.text) for SysTick_Handler
    startup_stm32l1xx_md.o(RESET) refers to extix.o(.text) for EXTI0_IRQHandler
    startup_stm32l1xx_md.o(RESET) refers to timx.o(.text) for TIM2_IRQHandler
    startup_stm32l1xx_md.o(RESET) refers to usart.o(.text) for USART1_IRQHandler
    startup_stm32l1xx_md.o(RESET) refers to si4432.o(.text) for EXTI15_10_IRQHandler
    startup_stm32l1xx_md.o(.text) refers (Special) to heapauxi.o(.text) for __use_two_region_memory
    startup_stm32l1xx_md.o(.text) refers to system_stm32l1xx.o(.text) for SystemInit
    startup_stm32l1xx_md.o(.text) refers to __main.o(!!!main) for __main
    startup_stm32l1xx_md.o(.text) refers to startup_stm32l1xx_md.o(HEAP) for Heap_Mem
    startup_stm32l1xx_md.o(.text) refers to startup_stm32l1xx_md.o(STACK) for Stack_Mem
    i2c.o(.text) refers to gpio.o(.text) for GPIOx_Cfg
    instruct.o(.text) refers to gpio.o(.text) for GPIOx_Set
    instruct.o(.text) refers to thread.o(.text) for Thread_Login
    program.o(.text) refers to flash.o(.text) for Flash_Unlock
    program.o(.text) refers to program.o(.constdata) for .constdata
    si4432.o(.text) refers to gpio.o(.text) for GPIOx_Rst
    si4432.o(.text) refers to spi.o(.text) for SPI2_ReadWriteByte
    si4432.o(.text) refers to delay.o(.text) for delay_ms
    si4432.o(.text) refers to faultmanage.o(.text) for Fault_Upload
    si4432.o(.text) refers to systick.o(.text) for Time_Get
    si4432.o(.text) refers to si4432.o(.data) for TestRecFlag
    si4432.o(.text) refers to si4432.o(.bss) for TestRecRSSI
    si4432.o(.text) refers to si4432.o(.constdata) for Si4432Cfg_Tab
    si4432.o(.text) refers to updata.o(.text) for Channel_Get
    si4432.o(.text) refers to thread.o(.text) for Thread_Login
    si4432.o(.text) refers to sys.o(.text) for Ex_NVIC_Config
    si4432.o(.text) refers to dataencrypt.o(.text) for DecryptData
    si4432.o(.text) refers to sign433attr.o(.text) for Get_Sign433_MasterAddr
    si4432.o(.text) refers to command.o(.text) for head_put
    si4432.o(.text) refers to fifo.o(.text) for fifo_putc
    si4432.o(.text) refers to cmdprocess.o(.bss) for rcv433_shortfifo
    spi.o(.text) refers to gpio.o(.text) for GPIOx_Cfg
    sys.o(.text) refers to sys.o(.emb_text) for WFI_SET
    syshard.o(.text) refers to devparttab.o(.text) for DevPivotalSetInit
    syshard.o(.text) refers to systick.o(.text) for SysTick_Init
    syshard.o(.text) refers to program.o(.text) for FlashEncryptionInit
    syshard.o(.text) refers to i2c.o(.text) for I2C_Init
    syshard.o(.text) refers to si4432.o(.text) for Si4432_Init
    syshard.o(.text) refers to userdata.o(.bss) for gSysData
    systick.o(.text) refers to system_stm32l1xx.o(.text) for Get_SysClk_FrqAndSrc
    systick.o(.text) refers to thread.o(.text) for Thread_RunCheck
    systick.o(.text) refers to systick.o(.data) for timer
    test.o(.text) refers to gpio.o(.text) for GPIOx_Cfg
    test.o(.text) refers to test.o(.data) for Test
    usart.o(.text) refers to gpio.o(.text) for GPIOx_Cfg
    usart.o(.text) refers to sys.o(.text) for MY_NVIC_Init
    usart.o(.text) refers to fifo.o(.text) for fifo_putc
    usart.o(.text) refers to cmdprocess.o(.bss) for rcv433fifo
    adc.o(.text) refers to gpio.o(.text) for GPIOx_Cfg
    adc.o(.text) refers to delay.o(.text) for delay_us
    battery.o(.text) refers to adc.o(.text) for ADC_TestPowerON
    battery.o(.text) refers to battery.o(.constdata) for VoltageTab
    battery.o(.text) refers to battery.o(.data) for gPowerPercent
    batteryexeattr.o(.text) refers to rt_memclr_w.o(.text) for __aeabi_memclr4
    batteryexeattr.o(.text) refers to gpio.o(.text) for GPIOx_Get
    batteryexeattr.o(.text) refers to oled.o(.text) for OLED_ShowPicAt
    batteryexeattr.o(.text) refers to adc.o(.text) for ADC_Init
    batteryexeattr.o(.text) refers to battery.o(.text) for Battery_GetPercent
    batteryexeattr.o(.text) refers to lowpower.o(.data) for gSleepFlag
    batteryexeattr.o(.text) refers to touchpadpic.o(.constdata) for PicTab_Bat
    batteryexeattr.o(.text) refers to battery.o(.data) for gPowerLv
    batteryexeattr.o(.text) refers to key.o(.data) for gPswFlag
    lowpower.o(.text) refers to gpio.o(.text) for GPIOx_Cfg
[...]
    buf                                      0x20000028   Data           4  si4432.o(.data)
    time                                     0x2000002c   Data           4  si4432.o(.data)
    calculTime                               0x20000030   Data           4  si4432.o(.data)
    .data                                    0x20000034   Section        8  systick.o(.data)
    timer                                    0x20000034   Data           4  systick.o(.data)
    RandTime                                 0x20000038   Data           4  systick.o(.data)
    .data                                    0x2000003c   Section        4  test.o(.data)
    .data                                    0x20000040   Section        2  battery.o(.data)
    .data                                    0x20000042   Section        8  lowpower.o(.data)
    LowPowerTimeCount                        0x20000048   Data           2  lowpower.o(.data)
    .data                                    0x2000004c   Section      196  touchpadpic.o(.data)
    .data                                    0x20000110   Section        1  timx.o(.data)
    first_flag                               0x20000110   Data           1  timx.o(.data)
    .data                                    0x20000111   Section       14  key.o(.data)
    InputPassword                            0x20000118   Data           4  key.o(.data)
    PswBit                                   0x2000011c   Data           1  key.o(.data)
    first                                    0x2000011d   Data           1  key.o(.data)
    FirstPassWord                            0x2000011e   Data           1  key.o(.data)
    .data                                    0x20000120   Section       25  showled.o(.data)
    gSeat                                    0x20000120   Data           1  showled.o(.data)
    gStep                                    0x20000121   Data           1  showled.o(.data)
    a                                        0x20000133   Data           1  showled.o(.data)
    lightState                               0x20000134   Data           2  showled.o(.data)
    left_seat                                0x20000136   Data           1  showled.o(.data)
    right_seat                               0x20000137   Data           1  showled.o(.data)
    count                                    0x20000138   Data           1  showled.o(.data)
    .data                                    0x20000139   Section        1  keyexeattr.o(.data)
    .data                                    0x2000013c   Section      268  updata.o(.data)
    .data                                    0x20000248   Section        1  upload.o(.data)
    Fault                                    0x20000248   Data           1  upload.o(.data)
    .data                                    0x2000024c   Section        5  userdata.o(.data)
    pSceneManage                             0x2000024c   Data           4  userdata.o(.data)
    cnt                                      0x20000250   Data           1  userdata.o(.data)
    .data                                    0x20000251   Section        8  dataencrypt.o(.data)
    DevMac                                   0x20000251   Data           4  dataencrypt.o(.data)
    ActiveKey                                0x20000255   Data           4  dataencrypt.o(.data)
    .data                                    0x2000025c   Section        4  devparttab.o(.data)
    pDevPivotalSet                           0x2000025c   Data           4  devparttab.o(.data)
    .data                                    0x20000260   Section        5  object.o(.data)
    seat                                     0x20000264   Data           1  object.o(.data)
    .data                                    0x20000265   Section        2  sign433.o(.data)
    SendCount                                0x20000266   Data           1  sign433.o(.data)
    .bss                                     0x20000268   Section      100  si4432.o(.bss)
    .bss                                     0x200002cc   Section       20  unitcfg.o(.bss)
    .bss                                     0x200002e0   Section       98  key.o(.bss)
    gQueue                                   0x2000030c   Data          54  key.o(.bss)
    .bss                                     0x20000344   Section     3456  cmdprocess.o(.bss)
    sendBuf                                  0x20000764   Data        1024  cmdprocess.o(.bss)
    sendshortBuf                             0x20000e24   Data         128  cmdprocess.o(.bss)
    .bss                                     0x200010c4   Section      144  linkscanfifo.o(.bss)
    .bss                                     0x20001154   Section      324  thread.o(.bss)
    thread                                   0x20001154   Data         324  thread.o(.bss)
    .bss                                     0x20001298   Section       44  updata.o(.bss)
    .bss                                     0x200012c4   Section      288  upload.o(.bss)
    UploadUnit                               0x200012c4   Data         288  upload.o(.bss)
    .bss                                     0x200013e4   Section      575  userdata.o(.bss)
    sceneManage                              0x20001403   Data         544  userdata.o(.bss)
    .bss                                     0x20001624   Section      320  object.o(.bss)
    RData                                    0x20001624   Data         320  object.o(.bss)
    .bss                                     0x20001764   Section      140  userdatadownload.o(.bss)
    .bss                                     0x200017f0   Section       12  sign433.o(.bss)
    .bss                                     0x200017fc   Section     1651  linksimplest.o(.bss)
    .bss                                     0x20001e6f   Section      351  linksimplesttime.o(.bss)
    .bss                                     0x20001fd0   Section       96  libspace.o(.bss)
    HEAP                                     0x20002030   Section        0  startup_stm32l1xx_md.o(HEAP)
    STACK                                    0x20002030   Section     3072  startup_stm32l1xx_md.o(STACK)
    Heap_Mem                                 0x20002030   Data           0  startup_stm32l1xx_md.o(HEAP)
    Stack_Mem                                0x20002030   Data        3072  startup_stm32l1xx_md.o(STACK)
    __initial_sp                             0x20002c30   Data           0  startup_stm32l1xx_md.o(STACK)

    Global Symbols

    Symbol Name                              Value     Ov Type        Size  Object(Section)

    BuildAttributes$$THM_ISAv4$P$D$K$B$S$PE$A:L22UL41UL21$X:L11$S22US41US21$IEEE1$IW$USESV6$~STKCKD$USESV7$~SHL$OSPACE$ROPI$EBA8$UX$STANDARDLIB$REQ8$PRES8$EABIv2 0x00000000   Number         0  anon$$obj.o ABSOLUTE
    __ARM_use_no_argv                        0x00000000   Number         0  main.o ABSOLUTE
    __ARM_exceptions_init                     - Undefined Weak Reference
    __alloca_initialize                       - Undefined Weak Reference
    __arm_preinit_                            - Undefined Weak Reference
    __cpp_initialize__aeabi_                  - Undefined Weak Reference
    __cxa_finalize                            - Undefined Weak Reference
    __rt_locale                               - Undefined Weak Reference
    __sigvec_lookup                           - Undefined Weak Reference
    _atexit_init                              - Undefined Weak Reference
    _call_atexit_fns                          - Undefined Weak Reference
    _clock_init                               - Undefined Weak Reference
    _fp_trap_init                             - Undefined Weak Reference
    _fp_trap_shutdown                         - Undefined Weak Reference
    _get_lc_collate                           - Undefined Weak Reference
    _get_lc_ctype                             - Undefined Weak Reference
    _get_lc_monetary                          - Undefined Weak Reference
    _get_lc_numeric                           - Undefined Weak Reference
    _get_lc_time                              - Undefined Weak Reference
    _getenv_init                              - Undefined Weak Reference
    _handle_redirection                       - Undefined Weak Reference
    _init_alloc                               - Undefined Weak Reference
    _init_user_alloc                          - Undefined Weak Reference
    _initio                                   - Undefined Weak Reference
    _rand_init                                - Undefined Weak Reference
    _signal_finish                            - Undefined Weak Reference
    _signal_init                              - Undefined Weak Reference
    _terminate_alloc                          - Undefined Weak Reference
    _terminate_user_alloc                     - Undefined Weak Reference
    _terminateio                              - Undefined Weak Reference
    __Vectors_Size                           0x000000f4   Number         0  startup_stm32l1xx_md.o ABSOLUTE
    __Vectors                                0x08006400   Data           4  startup_stm32l1xx_md.o(RESET)
    __Vectors_End                            0x080064f4   Data           0  startup_stm32l1xx_md.o(RESET)
    __main                                   0x080064f5   Thumb Code     8  __main.o(!!!main)
    __scatterload                            0x080064fd   Thumb Code     0  __scatter.o(!!!scatter)
    __scatterload_rt2                        0x080064fd   Thumb Code    44  __scatter.o(!!!scatter)
    __scatterload_rt2_thumb_only             0x080064fd   Thumb Code     0  __scatter.o(!!!scatter)
    __scatterload_null                       0x0800650b   Thumb Code     0  __scatter.o(!!!scatter)
    __decompress                             0x08006531   Thumb Code    90  __dczerorl2.o(!!dczerorl2)
    __decompress1                            0x08006531   Thumb Code     0  __dczerorl2.o(!!dczerorl2)
    __scatterload_zeroinit                   0x0800658d   Thumb Code    28  __scatter_zi.o(!!handler_zi)
    __rt_lib_init                            0x080065a9   Thumb Code     0  libinit.o(.ARM.Collect$$libinit$$00000000)
    __rt_lib_init_alloca_1                   0x080065ab   Thumb Code     0  libinit2.o(.ARM.Collect$$libinit$$0000002E)
    __rt_lib_init_argv_1                     0x080065ab   Thumb Code     0  libinit2.o(.ARM.Collect$$libinit$$0000002C)
    __rt_lib_init_atexit_1                   0x080065ab   Thumb Code     0  libinit2.o(.ARM.Collect$$libinit$$0000001B)
    __rt_lib_init_clock_1                    0x080065ab   Thumb Code     0  libinit2.o(.ARM.Collect$$libinit$$00000021)
    __rt_lib_init_cpp_1                      0x080065ab   Thumb Code     0  libinit2.o(.ARM.Collect$$libinit$$00000032)
    __rt_lib_init_exceptions_1               0x080065ab   Thumb Code     0  libinit2.o(.ARM.Collect$$libinit$$00000030)
    __rt_lib_init_fp_1                       0x080065ab   Thumb Code     0  libinit2.o(.ARM.Collect$$libinit$$00000002)
    __rt_lib_init_fp_trap_1                  0x080065ab   Thumb Code     0  libinit2.o(.ARM.Collect$$libinit$$0000001F)
    __rt_lib_init_getenv_1                   0x080065ab   Thumb Code     0  libinit2.o(.ARM.Collect$$libinit$$00000023)
    __rt_lib_init_heap_1                     0x080065ab   Thumb Code     0  libinit2.o(.ARM.Collect$$libinit$$0000000A)
    __rt_lib_init_lc_collate_1               0x080065ab   Thumb Code     0  libinit2.o(.ARM.Collect$$libinit$$00000011)
    __rt_lib_init_lc_ctype_1                 0x080065ab   Thumb Code     0  libinit2.o(.ARM.Collect$$libinit$$00000013)
    __rt_lib_init_lc_monetary_1              0x080065ab   Thumb Code     0  libinit2.o(.ARM.Collect$$libinit$$00000015)
    __rt_lib_init_lc_numeric_1               0x080065ab   Thumb Code     0  libinit2.o(.ARM.Collect$$libinit$$00000017)
    __rt_lib_init_lc_time_1                  0x080065ab   Thumb Code     0  libinit2.o(.ARM.Collect$$libinit$$00000019)
    __rt_lib_init_preinit_1                  0x080065ab   Thumb Code     0  libinit2.o(.ARM.Collect$$libinit$$00000004)
    __rt_lib_init_rand_1                     0x080065ab   Thumb Code     0  libinit2.o(.ARM.Collect$$libinit$$0000000E)
    __rt_lib_init_return                     0x080065ab   Thumb Code     0  libinit2.o(.ARM.Collect$$libinit$$00000033)
    __rt_lib_init_signal_1                   0x080065ab   Thumb Code     0  libinit2.o(.ARM.Collect$$libinit$$0000001D)
    __rt_lib_init_stdio_1                    0x080065ab   Thumb Code     0  libinit2.o(.ARM.Collect$$libinit$$00000025)
    __rt_lib_init_user_alloc_1               0x080065ab   Thumb Code     0  libinit2.o(.ARM.Collect$$libinit$$0000000C)
    __rt_lib_shutdown                        0x080065ad   Thumb Code     0  libshutdown.o(.ARM.Collect$$libshutdown$$00000000)
    __rt_lib_shutdown_cpp_1                  0x080065af   Thumb Code     0  libshutdown2.o(.ARM.Collect$$libshutdown$$00000002)
    __rt_lib_shutdown_fp_trap_1              0x080065af   Thumb Code     0  libshutdown2.o(.ARM.Collect$$libshutdown$$00000007)
    __rt_lib_shutdown_heap_1                 0x080065af   Thumb Code     0  libshutdown2.o(.ARM.Collect$$libshutdown$$0000000F)
    __rt_lib_shutdown_return                 0x080065af   Thumb Code     0  libshutdown2.o(.ARM.Collect$$libshutdown$$00000010)
    __rt_lib_shutdown_signal_1               0x080065af   Thumb Code     0  libshutdown2.o(.ARM.Collect$$libshutdown$$0000000A)
    __rt_lib_shutdown_stdio_1                0x080065af   Thumb Code     0  libshutdown2.o(.ARM.Collect$$libshutdown$$00000004)
    __rt_lib_shutdown_user_alloc_1           0x080065af   Thumb Code     0  libshutdown2.o(.ARM.Collect$$libshutdown$$0000000C)
    __rt_entry                               0x080065b1   Thumb Code     0  __rtentry.o(.ARM.Collect$$rtentry$$00000000)
    __rt_entry_presh_1                       0x080065b1   Thumb Code     0  __rtentry2.o(.ARM.Collect$$rtentry$$00000002)
    __rt_entry_sh                            0x080065b1   Thumb Code     0  __rtentry4.o(.ARM.Collect$$rtentry$$00000004)
    __rt_entry_li                            0x080065b7   Thumb Code     0  __rtentry2.o(.ARM.Collect$$rtentry$$0000000A)
    __rt_entry_postsh_1                      0x080065b7   Thumb Code     0  __rtentry2.o(.ARM.Collect$$rtentry$$00000009)
    __rt_entry_main                          0x080065bb   Thumb Code     0  __rtentry2.o(.ARM.Collect$$rtentry$$0000000D)
    __rt_entry_postli_1                      0x080065bb   Thumb Code     0  __rtentry2.o(.ARM.Collect$$rtentry$$0000000C)
    __rt_exit                                0x080065c3   Thumb Code     0  rtexit.o(.ARM.Collect$$rtexit$$00000000)
    __rt_exit_ls                             0x080065c5   Thumb Code     0  rtexit2.o(.ARM.Collect$$rtexit$$00000003)
    __rt_exit_prels_1                        0x080065c5   Thumb Code     0  rtexit2.o(.ARM.Collect$$rtexit$$00000002)
    __rt_exit_exit                           0x080065c9   Thumb Code     0  rtexit2.o(.ARM.Collect$$rtexit$$00000004)
    DisableIRQ                               0x080065d1   Thumb Code     4  sys.o(.emb_text)
    EnableIRQ                                0x080065d5   Thumb Code     4  sys.o(.emb_text)
    WFI_SET                                  0x080065d9   Thumb Code     2  sys.o(.emb_text)
    INTX_DISABLE                             0x080065db   Thumb Code     2  sys.o(.emb_text)
    INTX_ENABLE                              0x080065dd   Thumb Code     2  sys.o(.emb_text)
    Set_MSP                                  0x080065df   Thumb Code     6  sys.o(.emb_text)
    CPU_SR_Restore                           0x080065e5   Thumb Code     6  sys.o(.emb_text)
    CPU_SR_Save                              0x080065eb   Thumb Code     8  sys.o(.emb_text)
    SystemInit                               0x0800680b   Thumb Code    88  system_stm32l1xx.o(.text)
    Get_SysClk_FrqAndSrc                     0x08006863   Thumb Code   214  system_stm32l1xx.o(.text)
    Reset_Handler                            0x08006965   Thumb Code     8  startup_stm32l1xx_md.o(.text)
    NMI_Handler                              0x0800696d   Thumb Code     2  startup_stm32l1xx_md.o(.text)
    HardFault_Handler                        0x0800696f   Thumb Code     2  startup_stm32l1xx_md.o(.text)
    MemManage_Handler                        0x08006971   Thumb Code     2  startup_stm32l1xx_md.o(.text)
    BusFault_Handler                         0x08006973   Thumb Code     2  startup_stm32l1xx_md.o(.text)
    UsageFault_Handler                       0x08006975   Thumb Code     2  startup_stm32l1xx_md.o(.text)
    SVC_Handler                              0x08006977   Thumb Code     2  startup_stm32l1xx_md.o(.text)
    DebugMon_Handler                         0x08006979   Thumb Code     2  startup_stm32l1xx_md.o(.text)
    PendSV_Handler                           0x0800697b   Thumb Code     2  startup_stm32l1xx_md.o(.text)
    ADC1_IRQHandler                          0x0800697f   Thumb Code     0  startup_stm32l1xx_md.o(.text)
    COMP_IRQHandler                          0x0800697f   Thumb Code     0  startup_stm32l1xx_md.o(.text)
    DAC_IRQHandler                           0x0800697f   Thumb Code     0  startup_stm32l1xx_md.o(.text)
    DMA1_Channel1_IRQHandler                 0x0800697f   Thumb Code     0  startup_stm32l1xx_md.o(.text)
    DMA1_Channel2_IRQHandler                 0x0800697f   Thumb Code     0  startup_stm32l1xx_md.o(.text)
    DMA1_Channel3_IRQHandler                 0x0800697f   Thumb Code     0  startup_stm32l1xx_md.o(.text)
    DMA1_Channel4_IRQHandler                 0x0800697f   Thumb Code     0  startup_stm32l1xx_md.o(.text)
    DMA1_Channel5_IRQHandler                 0x0800697f   Thumb Code     0  startup_stm32l1xx_md.o(.text)
    DMA1_Channel6_IRQHandler                 0x0800697f   Thumb Code     0  startup_stm32l1xx_md.o(.text)
    DMA1_Channel7_IRQHandler                 0x0800697f   Thumb Code     0  startup_stm32l1xx_md.o(.text)
    EXTI1_IRQHandler                         0x0800697f   Thumb Code     0  startup_stm32l1xx_md.o(.text)
    EXTI2_IRQHandler                         0x0800697f   Thumb Code     0  startup_stm32l1xx_md.o(.text)
    EXTI3_IRQHandler                         0x0800697f   Thumb Code     0  startup_stm32l1xx_md.o(.text)
    EXTI4_IRQHandler                         0x0800697f   Thumb Code     0  startup_stm32l1xx_md.o(.text)
    EXTI9_5_IRQHandler                       0x0800697f   Thumb Code     0  startup_stm32l1xx_md.o(.text)
    FLASH_IRQHandler                         0x0800697f   Thumb Code     0  startup_stm32l1xx_md.o(.text)
    I2C1_ER_IRQHandler                       0x0800697f   Thumb Code     0  startup_stm32l1xx_md.o(.text)
    I2C1_EV_IRQHandler                       0x0800697f   Thumb Code     0  startup_stm32l1xx_md.o(.text)
    I2C2_ER_IRQHandler                       0x0800697f   Thumb Code     0  startup_stm32l1xx_md.o(.text)
    I2C2_EV_IRQHandler                       0x0800697f   Thumb Code     0  startup_stm32l1xx_md.o(.text)
    LCD_IRQHandler                           0x0800697f   Thumb Code     0  startup_stm32l1xx_md.o(.text)
    PVD_IRQHandler                           0x0800697f   Thumb Code     0  startup_stm32l1xx_md.o(.text)
    RCC_IRQHandler                           0x0800697f   Thumb Code     0  startup_stm32l1xx_md.o(.text)
    RTC_Alarm_IRQHandler                     0x0800697f   Thumb Code     0  startup_stm32l1xx_md.o(.text)
    RTC_WKUP_IRQHandler                      0x0800697f   Thumb Code     0  startup_stm32l1xx_md.o(.text)
    SPI1_IRQHandler                          0x0800697f   Thumb Code     0  startup_stm32l1xx_md.o(.text)
    SPI2_IRQHandler                          0x0800697f   Thumb Code     0  startup_stm32l1xx_md.o(.text)
    TAMPER_STAMP_IRQHandler                  0x0800697f   Thumb Code     0  startup_stm32l1xx_md.o(.text)
    TIM10_IRQHandler                         0x0800697f   Thumb Code     0  startup_stm32l1xx_md.o(.text)
    TIM11_IRQHandler                         0x0800697f   Thumb Code     0  startup_stm32l1xx_md.o(.text)
    TIM3_IRQHandler                          0x0800697f   Thumb Code     0  startup_stm32l1xx_md.o(.text)
    TIM4_IRQHandler                          0x0800697f   Thumb Code     0  startup_stm32l1xx_md.o(.text)
    TIM6_IRQHandler                          0x0800697f   Thumb Code     0  startup_stm32l1xx_md.o(.text)
    TIM7_IRQHandler                          0x0800697f   Thumb Code     0  startup_stm32l1xx_md.o(.text)
    TIM9_IRQHandler                          0x0800697f   Thumb Code     0  startup_stm32l1xx_md.o(.text)
    USART2_IRQHandler                        0x0800697f   Thumb Code     0  startup_stm32l1xx_md.o(.text)
    USART3_IRQHandler                        0x0800697f   Thumb Code     0  startup_stm32l1xx_md.o(.text)
    USB_FS_WKUP_IRQHandler                   0x0800697f   Thumb Code     0  startup_stm32l1xx_md.o(.text)
    USB_HP_IRQHandler                        0x0800697f   Thumb Code     0  startup_stm32l1xx_md.o(.text)
    USB_LP_IRQHandler                        0x0800697f   Thumb Code     0  startup_stm32l1xx_md.o(.text)
    WWDG_IRQHandler                          0x0800697f   Thumb Code     0  startup_stm32l1xx_md.o(.text)
    __user_initial_stackheap                 0x08006981   Thumb Code     0  startup_stm32l1xx_md.o(.text)
    DeviceResetCheck_Init                    0x080069a1   Thumb Code     2  devicereset.o(.text)
    DATA_EEPROM_Unlock                       0x080069a5   Thumb Code    24  flash.o(.text)
    Flash_Unlock                             0x080069bd   Thumb Code    30  flash.o(.text)
    Flash_lock                               0x080069db   Thumb Code    14  flash.o(.text)
    FLASH_ErasePage                          0x08006a3f   Thumb Code    86  flash.o(.text)
    Flash_Write                              0x08006a95   Thumb Code    58  flash.o(.text)
    GPIOx_Cfg                                0x08006ae5   Thumb Code   144  gpio.o(.text)
    GPIOx_AF                                 0x08006b75   Thumb Code    92  gpio.o(.text)
    GPIOx_Set                                0x08006bd1   Thumb Code    20  gpio.o(.text)
    GPIOx_Rst                                0x08006be5   Thumb Code    14  gpio.o(.text)
    GPIOx_Rvrs                               0x08006bf3   Thumb Code    14  gpio.o(.text)
    GPIOx_Get                                0x08006c01   Thumb Code    14  gpio.o(.text)
    I2C_Init                                 0x08006c33   Thumb Code    26  i2c.o(.text)
    IIC_GetState                             0x08006e9d   Thumb Code    40  i2c.o(.text)
    IIC_Read                                 0x08006ec5   Thumb Code   102  i2c.o(.text)
    IIC_Write                                0x08006f2b   Thumb Code    80  i2c.o(.text)
    IIC_WriteSame                            0x08006f7b   Thumb Code    78  i2c.o(.text)
    Instruct_Run                             0x08006fd5   Thumb Code    24  instruct.o(.text)
    Instruct_Init                            0x08006fed   Thumb Code    28  instruct.o(.text)
    Instruct                                 0x08007009   Thumb Code    18  instruct.o(.text)
    Program_Erase                            0x08007021   Thumb Code    62  program.o(.text)
    Program_Write                            0x0800705f   Thumb Code    48  program.o(.text)
    Program_Read                             0x0800708f   Thumb Code    22  program.o(.text)
    Program_WriteEx                          0x080070a5   Thumb Code   232  program.o(.text)
    FlashEncryptionInit                      0x0800718d   Thumb Code   110  program.o(.text)
    Get_UniqueDeviceID                       0x080071fb   Thumb Code    20  program.o(.text)
    Flash_DefaultValue                       0x0800720f   Thumb Code     4  program.o(.text)
    Flash_PageSize                           0x08007213   Thumb Code     6  program.o(.text)
    Flash_ChipSize                           0x08007219   Thumb Code     8  program.o(.text)
    SetRecTestStatus                         0x08007241   Thumb Code    14  si4432.o(.text)
    GetRSSIPara                              0x0800724f   Thumb Code     4  si4432.o(.text)
    GetThresholdPara                         0x08007253   Thumb Code     6  si4432.o(.text)
    Si4432_Idle                              0x0800734b   Thumb Code    70  si4432.o(.text)
    Si4432_Init                              0x080074c7   Thumb Code   738  si4432.o(.text)
    EXTI15_10_IRQHandler                     0x08007a75   Thumb Code    22  si4432.o(.text)
    Si4432_Send                              0x08007b61   Thumb Code    72  si4432.o(.text)
    SPI2_Port_Init                           0x08007bc1   Thumb Code    28  spi.o(.text)
    SPI2_ReadWriteByte                       0x08007bdd   Thumb Code    86  spi.o(.text)
    SPI2_Init                                0x08007c33   Thumb Code   142  spi.o(.text)
    SPI2_SetSpeed                            0x08007cc1   Thumb Code    42  spi.o(.text)
    MY_NVIC_SetVectorTable                   0x08007cf5   Thumb Code    12  sys.o(.text)
    MY_NVIC_PriorityGroupConfig              0x08007d01   Thumb Code    36  sys.o(.text)
    MY_NVIC_Init                             0x08007d25   Thumb Code    68  sys.o(.text)
    Ex_NVIC_Config                           0x08007d69   Thumb Code   144  sys.o(.text)
    MYRCC_DeInit                             0x08007df9   Thumb Code   112  sys.o(.text)
    Sys_Standby                              0x08007e69   Thumb Code    72  sys.o(.text)
    Sys_Soft_Reset                           0x08007eb1   Thumb Code    12  sys.o(.text)
    JTAG_Set                                 0x08007ebd   Thumb Code    18  sys.o(.text)
    Stm32_Clock_Init                         0x08007ecf   Thumb Code   154  sys.o(.text)
    JumpToCode                               0x08007f69   Thumb Code    30  sys.o(.text)
    SysHard_Init                             0x08007fb9   Thumb Code    24  syshard.o(.text)
    HardID_Check                             0x08007fd1   Thumb Code   122  syshard.o(.text)
    HardID_Change                            0x0800804b   Thumb Code    96  syshard.o(.text)
    SysTick_Init                             0x080080c1   Thumb Code    66  systick.o(.text)
    Time_Get                                 0x08008103   Thumb Code     6  systick.o(.text)
    UpdateRandomTime                         0x08008109   Thumb Code    10  systick.o(.text)
    GetRandomTime                            0x08008113   Thumb Code     6  systick.o(.text)
    SysTick_Handler                          0x08008119   Thumb Code    34  systick.o(.text)
    Test_Init                                0x08008149   Thumb Code    28  test.o(.text)
    UART_Init                                0x08008169   Thumb Code   150  usart.o(.text)
    UART_Write                               0x080081ff   Thumb Code    50  usart.o(.text)
    UART_Send                                0x08008231   Thumb Code    44  usart.o(.text)
    USART1_IRQHandler                        0x0800825d   Thumb Code    30  usart.o(.text)
    WDG_Init                                 0x0800828d   Thumb Code     2  wdg.o(.text)
    WDG_Feed                                 0x0800828f   Thumb Code     2  wdg.o(.text)
    WDG_FeedOFF                              0x08008291   Thumb Code     2  wdg.o(.text)
    HardWDGTest_Attr                         0x08008293   Thumb Code     6  wdg.o(.text)
    ADC_TestPowerON                          0x080082cd   Thumb Code    12  adc.o(.text)
    ADC_TestPowerOFF                         0x080082d9   Thumb Code    12  adc.o(.text)
    ADC_Init                                 0x080082e5   Thumb Code   208  adc.o(.text)
    ADC_Read                                 0x080083b5   Thumb Code    64  adc.o(.text)
    ADC_ReadAverage                          0x080083f5   Thumb Code   112  adc.o(.text)
    Battery_GetVoltage                       0x08008475   Thumb Code    60  battery.o(.text)
    Battery_GetPercent                       0x080084b1   Thumb Code   650  battery.o(.text)
    Battery_Show_State                       0x08008749   Thumb Code   136  batteryexeattr.o(.text)
    Battery_Show                             0x080087d1   Thumb Code    14  batteryexeattr.o(.text)
    Battery_Init                             0x080087df   Thumb Code    14  batteryexeattr.o(.text)
    Get_PowerPercent_Attr                    0x080087ed   Thumb Code    34  batteryexeattr.o(.text)
    Get_ChargeState_Attr                     0x0800880f   Thumb Code     6  batteryexeattr.o(.text)
    WKUP_PortInit                            0x08008829   Thumb Code    14  lowpower.o(.text)
    StandbyCountReset                        0x08008837   Thumb Code     8  lowpower.o(.text)
    WKUP_GetState                            0x0800883f   Thumb Code    20  lowpower.o(.text)
    Standby_Mode                             0x08008853   Thumb Code   176  lowpower.o(.text)
    LowPower_CheckTime                       0x08008903   Thumb Code    84  lowpower.o(.text)
    main                                     0x08008989   Thumb Code    64  main.o(.text)
    UnitCnt_Get                              0x080089d9   Thumb Code     4  unitcfg.o(.text)
    Unit_Init                                0x080089dd   Thumb Code    52  unitcfg.o(.text)
    IIC_InitPort                             0x08008a1b   Thumb Code    40  iic.o(.text)
    IIC_Start                                0x08008a43   Thumb Code    70  iic.o(.text)
    IIC_Stop                                 0x08008a89   Thumb Code    52  iic.o(.text)
    IIC_WaitAck                              0x08008abd   Thumb Code   160  iic.o(.text)
    IIC_ACK                                  0x08008b5d   Thumb Code    66  iic.o(.text)
    IIC_NACK                                 0x08008b9f   Thumb Code    60  iic.o(.text)
    IIC_SendByte                             0x08008bdb   Thumb Code    94  iic.o(.text)
    IIC_GetByte                              0x08008c39   Thumb Code   108  iic.o(.text)
    IIC_WriteByte                            0x08008ca5   Thumb Code    46  iic.o(.text)
    IIC_ReadByte                             0x08008cd3   Thumb Code    60  iic.o(.text)
    IIC_WriteDataN                           0x08008d0f   Thumb Code    68  iic.o(.text)
    IIC_ReadDataN                            0x08008d53   Thumb Code    96  iic.o(.text)
    WTC6216_Init                             0x08008db9   Thumb Code    24  wtc6216.o(.text)
    WTC6216_Output_Init                      0x08008dd1   Thumb Code    14  wtc6216.o(.text)
    WTC6216_ReadKey                          0x08008ddf   Thumb Code    10  wtc6216.o(.text)
    WTC6216_WriteKey                         0x08008de9   Thumb Code    18  wtc6216.o(.text)
    Config_Wtc6216                           0x08008dfb   Thumb Code    32  wtc6216.o(.text)
    OLED_ClearScreen                         0x08008e21   Thumb Code    64  oled.o(.text)
    Init_OLED                                0x08008e61   Thumb Code   296  oled.o(.text)
    OLED_SetCursor                           0x08008f89   Thumb Code    50  oled.o(.text)
    OLED_ShowPicture                         0x08008fbb   Thumb Code    68  oled.o(.text)
    OLED_ShowPicAt                           0x08008fff   Thumb Code    78  oled.o(.text)
    OLED_ShowHalfPicAt                       0x0800904d   Thumb Code    82  oled.o(.text)
    OLED_ShowChar                            0x0800909f   Thumb Code    96  oled.o(.text)
    OLED_ShowCN                              0x080090ff   Thumb Code   134  oled.o(.text)
    OLED_ShowString                          0x08009185   Thumb Code    68  oled.o(.text)
    OLED_ShowNumber                          0x080091df   Thumb Code    84  oled.o(.text)
    _74HC595_Init                            0x08009245   Thumb Code   158  74hc595.o(.text)
    _74HC595_MainReset                       0x080092e3   Thumb Code    50  74hc595.o(.text)
    _74HC595_WriteData                       0x08009315   Thumb Code   100  74hc595.o(.text)
    InitQueue                                0x08009379   Thumb Code    38  queue.o(.text)
    Enqueue                                  0x080093d7   Thumb Code   130  queue.o(.text)
    Dequeue                                  0x08009459   Thumb Code    64  queue.o(.text)
    TIMx_Init                                0x08009499   Thumb Code    78  timx.o(.text)
    TIMx_Enable                              0x080094e7   Thumb Code    10  timx.o(.text)
    Set_TIMx_CNTValue                        0x080094f1   Thumb Code     4  timx.o(.text)
    TIMx_Disable                             0x080094f5   Thumb Code    10  timx.o(.text)
    TIM2_IRQHandler                          0x080094ff   Thumb Code    74  timx.o(.text)
    EXTI_Init                                0x08009551   Thumb Code    26  extix.o(.text)
    Set_EXTI_Trigger                         0x0800956b   Thumb Code    62  extix.o(.text)
    EXTI0_IRQHandler                         0x080095a9   Thumb Code    16  extix.o(.text)
    Key_Init                                 0x080095bd   Thumb Code     8  key.o(.text)
    KeyScanf_Init                            0x080095c5   Thumb Code    50  key.o(.text)
    KeyEXTIHandle                            0x08009631   Thumb Code   138  key.o(.text)
    KeyTIMHandle                             0x080096bb   Thumb Code    46  key.o(.text)
    Key_Handle                               0x08009829   Thumb Code   320  key.o(.text)
    Key_FirstScan                            0x08009969   Thumb Code    62  key.o(.text)
    Save_CurrentKeyState                     0x080099a7   Thumb Code   130  key.o(.text)
    Get_CurrentKeyState                      0x08009a29   Thumb Code    18  key.o(.text)
    ShowLED_OpenAll                          0x08009a3d   Thumb Code    12  showled.o(.text)
    ShowLED_CloseAll                         0x08009a49   Thumb Code    12  showled.o(.text)
    ShowLED_CheckDevice                      0x08009a55   Thumb Code    38  showled.o(.text)
    ShowLED_LightON                          0x08009a7b   Thumb Code    24  showled.o(.text)
    ShowLED_LightOFF                         0x08009a93   Thumb Code    26  showled.o(.text)
    ShowLED_CycleLED                         0x08009aad   Thumb Code   310  showled.o(.text)
    ShowLED_StartCycleLED                    0x08009be3   Thumb Code    40  showled.o(.text)
    ShowLED_ReverLED                         0x08009c0b   Thumb Code    56  showled.o(.text)
    ShowLED_FlashLED                         0x08009c43   Thumb Code    34  showled.o(.text)
    Key_UnitAttrNum                          0x08009c85   Thumb Code     4  keyexeattr.o(.text)
    KeyLowPowerHandle                        0x08009c89   Thumb Code    20  keyexeattr.o(.text)
    KeyInit                                  0x08009c9d   Thumb Code   400  keyexeattr.o(.text)
    KeyEepromInit                            0x08009e2d   Thumb Code    64  keyexeattr.o(.text)
    Get_TouchKey_Attr                        0x08009e6d   Thumb Code    20  keyexeattr.o(.text)
    Set_TouchKey_Attr                        0x08009e81   Thumb Code    28  keyexeattr.o(.text)
    Get_TouchKeyStatus_Attr                  0x08009e9d   Thumb Code    24  keyexeattr.o(.text)
    Set_Password_Attr                        0x08009eb5   Thumb Code    44  keyexeattr.o(.text)
    Get_Password_Attr                        0x08009ee1   Thumb Code    42  keyexeattr.o(.text)
    KeyChecking_Attr                         0x08009f0b   Thumb Code    16  keyexeattr.o(.text)
    memcpy                                   0x08009f55   Thumb Code    28  bestfulib.o(.text)
    memcmp                                   0x08009f71   Thumb Code    40  bestfulib.o(.text)
    memset                                   0x08009f99   Thumb Code    18  bestfulib.o(.text)
    memmove                                  0x08009fab   Thumb Code    58  bestfulib.o(.text)
    memfind                                  0x08009fe5   Thumb Code    64  bestfulib.o(.text)
    memcharget                               0x0800a025   Thumb Code    48  bestfulib.o(.text)
    Process_FIFOData                         0x0800a055   Thumb Code   102  cmdprocess.o(.text)
    Msg_Execute                              0x0800a129   Thumb Code   240  cmdprocess.o(.text)
    FIFOInit                                 0x0800a295   Thumb Code   172  cmdprocess.o(.text)
    ProcessSend_Fun                          0x0800a341   Thumb Code     8  cmdprocess.o(.text)
    head_put                                 0x0800a3a1   Thumb Code    16  command.o(.text)
    tail_put                                 0x0800a3b1   Thumb Code    16  command.o(.text)
    short_get                                0x0800a3c1   Thumb Code   226  command.o(.text)
    short_put                                0x0800a4a3   Thumb Code   140  command.o(.text)
    EncryptCmd_get                           0x0800a52f   Thumb Code   200  command.o(.text)
    EncryptCmd_getEx                         0x0800a5f7   Thumb Code    48  command.o(.text)
    EncryptCmd_put                           0x0800a627   Thumb Code   158  command.o(.text)
    delay_us                                 0x0800a6cd   Thumb Code    24  delay.o(.text)
    delay_ms                                 0x0800a6e5   Thumb Code    28  delay.o(.text)
    ReadDataFromEEPROM                       0x0800a701   Thumb Code   120  eeprom.o(.text)
    WriteDataToEEPROM                        0x0800a779   Thumb Code   120  eeprom.o(.text)
    WriteDataToEEPROMEx                      0x0800a7f1   Thumb Code   118  eeprom.o(.text)
    Fault_Upload                             0x0800a869   Thumb Code    74  faultmanage.o(.text)
    fifo_Init                                0x0800a8b9   Thumb Code    26  fifo.o(.text)
    fifo_Rst                                 0x0800a8d3   Thumb Code    18  fifo.o(.text)
    fifo_empty                               0x0800a8e5   Thumb Code    18  fifo.o(.text)
    fifo_validSize                           0x0800a937   Thumb Code    30  fifo.o(.text)
    fifo_puts                                0x0800a955   Thumb Code   106  fifo.o(.text)
    fifo_gets                                0x0800a9bf   Thumb Code   124  fifo.o(.text)
    fifo_putc                                0x0800aa3b   Thumb Code    60  fifo.o(.text)
    fifo_getc                                0x0800aa77   Thumb Code    62  fifo.o(.text)
    fifo_find                                0x0800aab5   Thumb Code    92  fifo.o(.text)
    fifo_cmp                                 0x0800ab11   Thumb Code    62  fifo.o(.text)
    PropFifoInit                             0x0800ab51   Thumb Code    14  linkscanfifo.o(.text)
    PropChangeScanAndExe                     0x0800ab5f   Thumb Code    46  linkscanfifo.o(.text)
    PropEventFifo                            0x0800ab8d   Thumb Code    86  linkscanfifo.o(.text)
    SaveSerialNum                            0x0800abf1   Thumb Code    12  msgpackage.o(.text)
    Msg_Feedback                             0x0800abfd   Thumb Code   114  msgpackage.o(.text)
    Msg_UploadUnit                           0x0800acb9   Thumb Code    62  msgpackage.o(.text)
    Msg_Upload                               0x0800acf7   Thumb Code    58  msgpackage.o(.text)
    Msg_Send                                 0x0800ad31   Thumb Code    68  msgpackage.o(.text)
    Sys_UnitAttrNum                          0x0800ad81   Thumb Code     4  sysexeattr.o(.text)
    Upload_RESTART                           0x0800ad85   Thumb Code    10  sysexeattr.o(.text)
    SysAttr_Init                             0x0800ad8f   Thumb Code    58  sysexeattr.o(.text)
    Get_Version_Attr                         0x0800adc9   Thumb Code   140  sysexeattr.o(.text)
    Get_DeviceType_Attr                      0x0800ae55   Thumb Code    84  sysexeattr.o(.text)
    Set_UserID_Attr                          0x0800aea9   Thumb Code    44  sysexeattr.o(.text)
    Get_UserID_Attr                          0x0800aed5   Thumb Code    18  sysexeattr.o(.text)
    Set_DeviceChannelFlag_Attr               0x0800aee7   Thumb Code    30  sysexeattr.o(.text)
    Get_DeviceChannelFlag_Attr               0x0800af05   Thumb Code    22  sysexeattr.o(.text)
    Get_DeviceAddr_Attr                      0x0800af1b   Thumb Code    18  sysexeattr.o(.text)
    Set_CmdAckNum_Attr                       0x0800af2d   Thumb Code    44  sysexeattr.o(.text)
    Get_CmdAckNum_Attr                       0x0800af59   Thumb Code    16  sysexeattr.o(.text)
    Set_RepeatBandAddr_Attr                  0x0800af69   Thumb Code   138  sysexeattr.o(.text)
    Get_RepeatBandAddr_Attr                  0x0800aff3   Thumb Code   138  sysexeattr.o(.text)
    Set_RepeatBroadcast_Attr                 0x0800b07d   Thumb Code    38  sysexeattr.o(.text)
    Get_RepeatBroadcast_Attr                 0x0800b0a3   Thumb Code    24  sysexeattr.o(.text)
    Set_UnitArea_Attr                        0x0800b0bb   Thumb Code   126  sysexeattr.o(.text)
    Get_UnitArea_Attr                        0x0800b139   Thumb Code   122  sysexeattr.o(.text)
    Set_UnitType_Attr                        0x0800b1b3   Thumb Code   134  sysexeattr.o(.text)
    Get_UnitType_Attr                        0x0800b239   Thumb Code   112  sysexeattr.o(.text)
    Set_CommonType_Attr                      0x0800b2a9   Thumb Code   134  sysexeattr.o(.text)
    Get_CommonType_Attr                      0x0800b32f   Thumb Code   112  sysexeattr.o(.text)
    Set_UploadAble_Attr                      0x0800b39f   Thumb Code   164  sysexeattr.o(.text)
    Get_UploadAble_Attr                      0x0800b443   Thumb Code   144  sysexeattr.o(.text)
    Set_UnitAble_Attr                        0x0800b4d3   Thumb Code   134  sysexeattr.o(.text)
    Get_UnitAble_Attr                        0x0800b559   Thumb Code   118  sysexeattr.o(.text)
    Get_Eeprom_Info_Attr                     0x0800b5cf   Thumb Code    82  sysexeattr.o(.text)
    Set_FaultFlag_Attr                       0x0800b621   Thumb Code    36  sysexeattr.o(.text)
    Get_FaultFlag_Attr                       0x0800b645   Thumb Code    20  sysexeattr.o(.text)
    Set_UserDataFormat_Attr                  0x0800b659   Thumb Code    94  sysexeattr.o(.text)
    Set_Link_Attr                            0x0800b6b7   Thumb Code    98  sysexeattr.o(.text)
    Get_Link_Attr                            0x0800b719   Thumb Code    68  sysexeattr.o(.text)
    Set_Link_Time_Attr                       0x0800b75d   Thumb Code    98  sysexeattr.o(.text)
    Set_DelLinkForUnit_Attr                  0x0800b7bf   Thumb Code    40  sysexeattr.o(.text)
    Get_DeveiceSysClockFeature_Attr          0x0800b7e7   Thumb Code    50  sysexeattr.o(.text)
    Thread_Init                              0x0800b81d   Thumb Code     8  thread.o(.text)
    Thread_Wake                              0x0800b84d   Thumb Code   132  thread.o(.text)
    Thread_Login                             0x0800b8d1   Thumb Code   228  thread.o(.text)
    Thread_Logout                            0x0800b9b5   Thumb Code    94  thread.o(.text)
    Thread_Hang                              0x0800ba13   Thumb Code   108  thread.o(.text)
    Thread_Process                           0x0800ba7f   Thumb Code   106  thread.o(.text)
    Thread_RunCheck                          0x0800bae9   Thumb Code    44  thread.o(.text)
    Thread_Query                             0x0800bb15   Thumb Code    48  thread.o(.text)
    UpgradePreStage                          0x0800bba3   Thumb Code   184  updata.o(.text)
    Updata_PackProcess                       0x0800bc5b   Thumb Code   118  updata.o(.text)
    Updata_PackCheck                         0x0800bcd1   Thumb Code    78  updata.o(.text)
    Updata_Calibrate                         0x0800bd1f   Thumb Code    32  updata.o(.text)
    Updata_Flag                              0x0800bd3f   Thumb Code    84  updata.o(.text)
    Updata_Channel                           0x0800bd93   Thumb Code   114  updata.o(.text)
    Channel_Get                              0x0800be05   Thumb Code    60  updata.o(.text)
    Upload_Fault                             0x0800be71   Thumb Code    34  upload.o(.text)
    Upload_Check                             0x0800bf09   Thumb Code   170  upload.o(.text)
    Upload                                   0x0800bfb3   Thumb Code   152  upload.o(.text)
    Upload_Immediately                       0x0800c04b   Thumb Code    80  upload.o(.text)
    SceneEEPROM_Init                         0x0800c0ad   Thumb Code    44  userdata.o(.text)
    GroupEEPROMUnit_Init                     0x0800c0d9   Thumb Code    54  userdata.o(.text)
    GroupEEPROM_Init                         0x0800c10f   Thumb Code    26  userdata.o(.text)
    UnitPrivateEEPROMUnitData_Init           0x0800c129   Thumb Code    36  userdata.o(.text)
    UnitPrivateEEPROMData_Init               0x0800c14d   Thumb Code    26  userdata.o(.text)
    UnitPublicEEPROMUnitData_Init            0x0800c167   Thumb Code   102  userdata.o(.text)
    UnitPublicEEPROMData_Init                0x0800c1cd   Thumb Code    26  userdata.o(.text)
    SysEEPROMData_Init                       0x0800c1e7   Thumb Code    58  userdata.o(.text)
    UserEEPROMData_Init                      0x0800c221   Thumb Code    54  userdata.o(.text)
    FaultData_Init                           0x0800c257   Thumb Code    14  userdata.o(.text)
    UserData_Init                            0x0800c265   Thumb Code    92  userdata.o(.text)
    FaultData_Save                           0x0800c2c1   Thumb Code    32  userdata.o(.text)
    FaultData_Get                            0x0800c2e1   Thumb Code    22  userdata.o(.text)
    SysEEPROMData_Set                        0x0800c2f7   Thumb Code    24  userdata.o(.text)
    UnitPublicEEPROMData_Get                 0x0800c30f   Thumb Code    40  userdata.o(.text)
    UnitPublicEEPROMData_Set                 0x0800c337   Thumb Code    48  userdata.o(.text)
    SetDeviceChannelFlag                     0x0800c367   Thumb Code   116  userdata.o(.text)
    GetDeviceChannelFlag                     0x0800c3db   Thumb Code    82  userdata.o(.text)
    GroupEEPROM_Clr                          0x0800c42d   Thumb Code   410  userdata.o(.text)
    GroupEEPROM_Set                          0x0800c5c7   Thumb Code   294  userdata.o(.text)
    GroupEEPROM_Get                          0x0800c6ed   Thumb Code   158  userdata.o(.text)
    SceneData_Init                           0x0800c78b   Thumb Code    38  userdata.o(.text)
    SceneEEPROMUnit_Init                     0x0800c7b1   Thumb Code   154  userdata.o(.text)
    SceneEEPROM_Clr                          0x0800c995   Thumb Code   212  userdata.o(.text)
    SceneEEPROM_Set                          0x0800cb27   Thumb Code   250  userdata.o(.text)
    SceneEEPROM_Get                          0x0800cc37   Thumb Code    66  userdata.o(.text)
    EEPROM_Write                             0x0800cc79   Thumb Code    46  userdata.o(.text)
    EEPROM_Read                              0x0800cca7   Thumb Code    46  userdata.o(.text)
    Set_Sign433_StartSendFrame_Attr          0x0800ccd9   Thumb Code    70  sign433attr.o(.text)
    Get_Sign433_MasterAddr                   0x0800cd1f   Thumb Code     6  sign433attr.o(.text)
    Get_Sign433_TestPackNum                  0x0800cd25   Thumb Code     6  sign433attr.o(.text)
    Get_Sign433_StartSendFrame_Attr          0x0800cd2b   Thumb Code    46  sign433attr.o(.text)
    Set_Sign433_StartRecFrame_Attr           0x0800cd59   Thumb Code   100  sign433attr.o(.text)
    Get_Sign433_StartRecFrame_Attr           0x0800cdbd   Thumb Code    46  sign433attr.o(.text)
    Set_Sign433_RecFrameStream_Attr          0x0800cdeb   Thumb Code    66  sign433attr.o(.text)
    Get_DeviceThreshold_Attr                 0x0800ce2d   Thumb Code    22  sign433attr.o(.text)
    Set_Sign433_TestState_Attr               0x0800ce43   Thumb Code    20  sign433attr.o(.text)
    Get_Sign433_TestState_Attr               0x0800ce57   Thumb Code    16  sign433attr.o(.text)
    EncryptData                              0x0800d15f   Thumb Code    80  dataencrypt.o(.text)
    DecryptData                              0x0800d1af   Thumb Code    86  dataencrypt.o(.text)
    EncryptInit                              0x0800d205   Thumb Code    32  dataencrypt.o(.text)
    DevPivotalSetInit                        0x0800d23d   Thumb Code   156  devparttab.o(.text)
    GetDevPivotalSet                         0x0800d2d9   Thumb Code     6  devparttab.o(.text)
    ChkCrcValue                              0x0800d2ed   Thumb Code    52  crc.o(.text)
    ChkCrcValueEx                            0x0800d321   Thumb Code    56  crc.o(.text)
    Set_IAPReady_Attr                        0x0800d3bb   Thumb Code    42  flashattr.o(.text)
    Get_IAPReady_Attr                        0x0800d4b5   Thumb Code    52  flashattr.o(.text)
    Set_IAPPackSave_Attr                     0x0800d4e9   Thumb Code    56  flashattr.o(.text)
    Set_433Channel_Attr                      0x0800d521   Thumb Code    70  flashattr.o(.text)
    Get_433Channel_Attr                      0x0800d567   Thumb Code    20  flashattr.o(.text)
    LinkInit                                 0x0800d58d   Thumb Code     8  linksrc.o(.text)
    LinkClr                                  0x0800d595   Thumb Code     8  linksrc.o(.text)
    CmpSampAndLinkValue                      0x0800d59d   Thumb Code   130  linksrc.o(.text)
    GetConditionReverse                      0x0800d61f   Thumb Code    56  linksrc.o(.text)
    GetConditionOffset                       0x0800d657   Thumb Code    78  linksrc.o(.text)
    LinkSrcExe                               0x0800d6a5   Thumb Code   436  linksrc.o(.text)
    CheckLinkFull                            0x0800d85d   Thumb Code    18  linkwrdc.o(.text)
    QueryLink                                0x0800d86f   Thumb Code    22  linkwrdc.o(.text)
    QueryAllLinkFromTable                    0x0800d885   Thumb Code    64  linkwrdc.o(.text)
    ReadLinkFromTable                        0x0800d8c5   Thumb Code    34  linkwrdc.o(.text)
    WriteLinkToTable                         0x0800d8e7   Thumb Code    62  linkwrdc.o(.text)
    DelAllLinkFromTable                      0x0800d925   Thumb Code    46  linkwrdc.o(.text)
    DelLinkFromTable                         0x0800d953   Thumb Code    30  linkwrdc.o(.text)
    ChkLinkIsExist                           0x0800d971   Thumb Code    26  linkwrdc.o(.text)
    GetLinkNum                               0x0800d98b   Thumb Code    22  linkwrdc.o(.text)
    WriteLinkItem                            0x0800d9a1   Thumb Code   118  linkwrdc.o(.text)
    ModifyLinkItem                           0x0800da17   Thumb Code    76  linkwrdc.o(.text)
    ReadLinkItem                             0x0800da63   Thumb Code   108  linkwrdc.o(.text)
    QueryLinkItem                            0x0800dacf   Thumb Code    56  linkwrdc.o(.text)
    DelLinkItem                              0x0800db07   Thumb Code    68  linkwrdc.o(.text)
    WriteLinkItemEx                          0x0800db4b   Thumb Code   180  linkwrdc.o(.text)
    ModifyLinkItemEx                         0x0800dbff   Thumb Code   138  linkwrdc.o(.text)
    DelLinkForUnit                           0x0800dc89   Thumb Code   140  linkwrdc.o(.text)
    DelLinkForPropIDandVal                   0x0800dd15   Thumb Code    84  linkwrdc.o(.text)
    Check_Area                               0x0800dd6d   Thumb Code   112  object.o(.text)
    Object_Check                             0x0800de97   Thumb Code  1206  object.o(.text)
    ShortObject_Check                        0x0800e377   Thumb Code    68  object.o(.text)
    Set_Scene_Attr                           0x0800e3c5   Thumb Code   260  scene&group.o(.text)
    Get_Scene_Attr                           0x0800e4c9   Thumb Code   110  scene&group.o(.text)
    Set_Group_Attr                           0x0800e537   Thumb Code   240  scene&group.o(.text)
    Get_Group_Attr                           0x0800e627   Thumb Code    94  scene&group.o(.text)
    SI4432Test_Fail                          0x0800e685   Thumb Code    16  systestattr.o(.text)
    SI4432Test_Attr                          0x0800e695   Thumb Code    68  systestattr.o(.text)
    Set_ManyUnit_Attr                        0x0800e6e9   Thumb Code   102  unitshare_attr.o(.text)
    Get_ManyUnit_Attr                        0x0800e74f   Thumb Code   322  unitshare_attr.o(.text)
    Set_UnitChecking_Attr                    0x0800e891   Thumb Code   126  unitshare_attr.o(.text)
    Get_SingleUnit_AttrLen                   0x0800e90f   Thumb Code   110  unitshare_attr.o(.text)
    UserDataDownload_Init                    0x0800e985   Thumb Code    20  userdatadownload.o(.text)
    UserDataDownload_Ready                   0x0800e999   Thumb Code   184  userdatadownload.o(.text)
    UserDataFrame_Save                       0x0800ea51   Thumb Code   134  userdatadownload.o(.text)
    UserDataFrame_Check                      0x0800ead7   Thumb Code    78  userdatadownload.o(.text)
    Sign433_SendTestFrame                    0x0800eb35   Thumb Code    82  sign433.o(.text)
    Sign433_SendTestFrameStream              0x0800eb87   Thumb Code    28  sign433.o(.text)
    ClearRecTestStatus                       0x0800eba3   Thumb Code    10  sign433.o(.text)
    Sign433_SendTestReport                   0x0800ebad   Thumb Code    54  sign433.o(.text)
    Get_ResetAddr_Attr                       0x0800ebed   Thumb Code   100  deviceidsetattr.o(.text)
    Set_ResetAddr_Attr                       0x0800ec51   Thumb Code   236  deviceidsetattr.o(.text)
    ALinkClr                                 0x0800ed55   Thumb Code    62  linksimplest.o(.text)
    ALinkInit                                0x0800ed93   Thumb Code    62  linksimplest.o(.text)
    ChkALinkIsExist                          0x0800edd1   Thumb Code    90  linksimplest.o(.text)
    GetALinkNum                              0x0800ee2b   Thumb Code    80  linksimplest.o(.text)
    QueryALink                               0x0800ee7b   Thumb Code    50  linksimplest.o(.text)
    CheckALinkFull                           0x0800eead   Thumb Code    18  linksimplest.o(.text)
    ReadALink                                0x0800eebf   Thumb Code    50  linksimplest.o(.text)
    WriteALink                               0x0800eef1   Thumb Code   148  linksimplest.o(.text)
    DelALink                                 0x0800ef85   Thumb Code   234  linksimplest.o(.text)
    AllALinkTimeClr                          0x0800f079   Thumb Code    42  linksimplesttime.o(.text)
    ALinkTimeInit                            0x0800f0a3   Thumb Code    42  linksimplesttime.o(.text)
    QueryALinkTime                           0x0800f0cd   Thumb Code    50  linksimplesttime.o(.text)
    DelALinkTime                             0x0800f0ff   Thumb Code   234  linksimplesttime.o(.text)
    WriteALinkTime                           0x0800f1e9   Thumb Code   134  linksimplesttime.o(.text)
    ReadALinkTime                            0x0800f26f   Thumb Code    34  linksimplesttime.o(.text)
    AddALinkTimeCmdX1                        0x0800f291   Thumb Code    74  linksimplesttime.o(.text)
    WriteALinkTimeToTable                    0x0800f2db   Thumb Code    42  linksimplesttime.o(.text)
    DelALinkTimeFromTable                    0x0800f305   Thumb Code    12  linksimplesttime.o(.text)
    TransformTimePara                        0x0800f319   Thumb Code   198  timehandle.o(.text)
    CheckTimeParaIsZero                      0x0800f461   Thumb Code    18  timehandle.o(.text)
    CheckAllTimeParaIsOK                     0x0800f4b1   Thumb Code    40  timehandle.o(.text)
    __aeabi_memclr4                          0x0800f4d9   Thumb Code     0  rt_memclr_w.o(.text)
    __aeabi_memclr8                          0x0800f4d9   Thumb Code     0  rt_memclr_w.o(.text)
    __rt_memclr_w                            0x0800f4d9   Thumb Code    78  rt_memclr_w.o(.text)
    _memset_w                                0x0800f4dd   Thumb Code     0  rt_memclr_w.o(.text)
    __use_two_region_memory                  0x0800f527   Thumb Code     2  heapauxi.o(.text)
    __rt_heap_escrow$2region                 0x0800f529   Thumb Code     2  heapauxi.o(.text)
    __rt_heap_expand$2region                 0x0800f52b   Thumb Code     2  heapauxi.o(.text)
    __user_setup_stackheap                   0x0800f52d   Thumb Code    74  sys_stackheap_outer.o(.text)
    exit                                     0x0800f577   Thumb Code    18  exit.o(.text)
    __user_libspace                          0x0800f589   Thumb Code     8  libspace.o(.text)
    __user_perproc_libspace                  0x0800f589   Thumb Code     0  libspace.o(.text)
    __user_perthread_libspace                0x0800f589   Thumb Code     0  libspace.o(.text)
    _sys_exit                                0x0800f591   Thumb Code     8  sys_exit.o(.text)
    __I$use$semihosting                      0x0800f59d   Thumb Code     0  use_no_semi.o(.text)
    __use_no_semihosting_swi                 0x0800f59d   Thumb Code     2  use_no_semi.o(.text)
    __semihosting_library_function           0x0800f59f   Thumb Code     0  indicate_semi.o(.text)
    DecryptionFlash                          0x0800f5a1   Thumb Code    50  scene&group.o(i.DecryptionFlash)
    __aeabi_dadd                             0x0800f5e1   Thumb Code     0  daddsub_clz.o(x$fpl$dadd)
    _dadd                                    0x0800f5e1   Thumb Code   332  daddsub_clz.o(x$fpl$dadd)
    __aeabi_d2uiz                            0x0800f731   Thumb Code     0  dfixu.o(x$fpl$dfixu)
    _dfixu                                   0x0800f731   Thumb Code    90  dfixu.o(x$fpl$dfixu)
    __aeabi_i2d                              0x0800f78b   Thumb Code     0  dflt_clz.o(x$fpl$dflt)
    _dflt                                    0x0800f78b   Thumb Code    46  dflt_clz.o(x$fpl$dflt)
    __aeabi_ui2d                             0x0800f7b9   Thumb Code     0  dflt_clz.o(x$fpl$dfltu)
    _dfltu                                   0x0800f7b9   Thumb Code    38  dflt_clz.o(x$fpl$dfltu)
    __aeabi_dmul                             0x0800f7e1   Thumb Code     0  dmul.o(x$fpl$dmul)
    _dmul                                    0x0800f7e1   Thumb Code   332  dmul.o(x$fpl$dmul)
    __fpl_dnaninf                            0x0800f935   Thumb Code   156  dnaninf.o(x$fpl$dnaninf)
    __fpl_dretinf                            0x0800f9d1   Thumb Code    12  dretinf.o(x$fpl$dretinf)
    __aeabi_dsub                             0x0800f9dd   Thumb Code     0  daddsub_clz.o(x$fpl$dsub)
    _dsub                                    0x0800f9dd   Thumb Code   464  daddsub_clz.o(x$fpl$dsub)
    __I$use$fp                               0x0800fbb0   Number         0  usenofp.o(x$fpl$usenofp)
    Si4432Cfg_Tab                            0x0800fbb8   Data          21  si4432.o(.constdata)
    VoltageTab                               0x0800fbd6   Data          22  battery.o(.constdata)
    UnitTab                                  0x0800fbec   Data          40  unitcfg.o(.constdata)
    ASCII_1608                               0x0800fc14   Data        1520  oled.o(.constdata)
    GB1616_ZMo                               0x08010204   Data          39  oled.o(.constdata)
    GB1616                                   0x0801022b   Data         416  oled.o(.constdata)
    PIC_NUM                                  0x080103cc   Data           1  touchpadpic.o(.constdata)
    PIC_SIZE                                 0x080103ce   Data           2  touchpadpic.o(.constdata)
    PIC_TAB_START_ADDR                       0x080103d0   Data           4  touchpadpic.o(.constdata)
    PIC_TAB_END_ADDR                         0x080103d4   Data           4  touchpadpic.o(.constdata)
    PicTab_Bat                               0x080103d8   Data         246  touchpadpic.o(.constdata)
    PicPower                                 0x080104ce   Data         224  touchpadpic.o(.constdata)
    KeyAttrTab                               0x080105c0   Data         540  keyexeattr.o(.constdata)
    HeadCMD                                  0x080107dc   Data           6  command.o(.constdata)
    TailCMD                                  0x080107e2   Data           6  command.o(.constdata)
    SysAttrTable                             0x080107e8   Data         740  sysexeattr.o(.constdata)
    ShiftBit                                 0x08010acc   Data           4  dataencrypt.o(.constdata)
    DerictShift                              0x08010ad0   Data           4  dataencrypt.o(.constdata)
    EncodeX                                  0x08010ad4   Data           4  dataencrypt.o(.constdata)
    EncodeY                                  0x08010ad8   Data           4  dataencrypt.o(.constdata)
    DevPivotalSet                            0x08010adc   Data          72  devparttab.o(.constdata)
    CRCTable                                 0x08010b24   Data         512  crc.o(.constdata)
    Region$$Table$$Base                      0x08010d24   Number         0  anon$$obj.o(Region$$Table)
    Region$$Table$$Limit                     0x08010d44   Number         0  anon$$obj.o(Region$$Table)
    PLLMulTable                              0x20000000   Data           9  system_stm32l1xx.o(.data)
    AHBPrescTable                            0x20000009   Data          16  system_stm32l1xx.o(.data)
    TestRecFlag                              0x2000001f   Data           1  si4432.o(.data)
    Test                                     0x2000003c   Data           4  test.o(.data)
    gPowerPercent                            0x20000040   Data           1  battery.o(.data)
    gPowerLv                                 0x20000041   Data           1  battery.o(.data)
    gSleepFlag                               0x20000042   Data           1  lowpower.o(.data)
    gWukeUpForPassWord                       0x20000043   Data           1  lowpower.o(.data)
    STANDBY_TIME_COUNT                       0x20000044   Data           2  lowpower.o(.data)
    STANDBY_TIME_COUNT1                      0x20000046   Data           2  lowpower.o(.data)
    PicTab                                   0x2000004c   Data         196  touchpadpic.o(.data)
    gPassword                                0x20000111   Data           4  key.o(.data)
    gPswFlag                                 0x20000115   Data           1  key.o(.data)
    keyTemp                                  0x20000116   Data           2  key.o(.data)
    LedMapTab                                0x20000122   Data          17  showled.o(.data)
    first_key                                0x20000139   Data           1  keyexeattr.o(.data)
    UPDATA_LEVEL                             0x2000013c   Data           1  updata.o(.data)
    UpgradeAim                               0x2000013d   Data           1  updata.o(.data)
    UpgradePre                               0x20000140   Data         264  updata.o(.data)
    DelayID                                  0x20000260   Data           4  object.o(.data)
    Sign433_State                            0x20000265   Data           1  sign433.o(.data)
    TestRecRSSI                              0x20000268   Data         100  si4432.o(.bss)
    gUnitData                                0x200002cc   Data          20  unitcfg.o(.bss)
    gKeyCh                                   0x200002e0   Data          14  key.o(.bss)
    gKeyStatus                               0x200002ee   Data          14  key.o(.bss)
    gKeyPrevState                            0x200002fc   Data          16  key.o(.bss)
    rcv433fifo                               0x20000344   Data          16  cmdprocess.o(.bss)
    send433fifo                              0x20000354   Data          16  cmdprocess.o(.bss)
    rcvBuf                                   0x20000364   Data        1024  cmdprocess.o(.bss)
    rcv_433                                  0x20000b64   Data         272  cmdprocess.o(.bss)
    send_433                                 0x20000c74   Data         272  cmdprocess.o(.bss)
    rcv433_shortfifo                         0x20000d84   Data          16  cmdprocess.o(.bss)
    send433_shortfifo                        0x20000d94   Data          16  cmdprocess.o(.bss)
    rcvshortBuf                              0x20000da4   Data         128  cmdprocess.o(.bss)
    rcv_433short                             0x20000ea4   Data         272  cmdprocess.o(.bss)
    send_433short                            0x20000fb4   Data         272  cmdprocess.o(.bss)
    propfifo                                 0x200010c4   Data          16  linkscanfifo.o(.bss)
    propbuf                                  0x200010d4   Data         128  linkscanfifo.o(.bss)
    IAP_FLAG                                 0x20001298   Data          16  updata.o(.bss)
    bootflag                                 0x200012a8   Data          12  updata.o(.bss)
    RADIO_PARA                               0x200012b4   Data          16  updata.o(.bss)
    gSysData                                 0x200013e4   Data          31  userdata.o(.bss)
    UserDownload                             0x20001764   Data         140  userdatadownload.o(.bss)
    gSign433Comm                             0x200017f0   Data          12  sign433.o(.bss)
    ALink                                    0x200017fc   Data        1651  linksimplest.o(.bss)
    ALinkTime                                0x20001e6f   Data         351  linksimplesttime.o(.bss)
    __libspace_start                         0x20001fd0   Data          96  libspace.o(.bss)
    __temporary_stack_top$libspace           0x20002030   Data           0  libspace.o(.bss)



==============================================================================

Memory Map of the image

  Image Entry point : 0x080064f5

  Load Region LR_IROM1 (Base: 0x08006400, Size: 0x0000abac, Max: 0x00020000, ABSOLUTE, COMPRESSED[0x0000aa14])

    Execution Region ER_IROM1 (Base: 0x08006400, Size: 0x0000a944, Max: 0x00020000, ABSOLUTE)

    Base Addr    Size         Type   Attr      Idx    E Section Name        Object

    0x08006400   0x000000f4   Data   RO           58    RESET               startup_stm32l1xx_md.o
    0x080064f4   0x00000008   Code   RO         1885  * !!!main             c_w.l(__main.o)
    0x080064fc   0x00000034   Code   RO         2093    !!!scatter          c_w.l(__scatter.o)
    0x08006530   0x0000005a   Code   RO         2091    !!dczerorl2         c_w.l(__dczerorl2.o)
    0x0800658a   0x00000002   PAD
    0x0800658c   0x0000001c   Code   RO         2095    !!handler_zi        c_w.l(__scatter_zi.o)
    0x080065a8   0x00000002   Code   RO         1961    .ARM.Collect$$libinit$$00000000  c_w.l(libinit.o)
    0x080065aa   0x00000000   Code   RO         1968    .ARM.Collect$$libinit$$00000002  c_w.l(libinit2.o)
    0x080065aa   0x00000000   Code   RO         1970    .ARM.Collect$$libinit$$00000004  c_w.l(libinit2.o)
    0x080065aa   0x00000000   Code   RO         1973    .ARM.Collect$$libinit$$0000000A  c_w.l(libinit2.o)
    0x080065aa   0x00000000   Code   RO         1975    .ARM.Collect$$libinit$$0000000C  c_w.l(libinit2.o)
    0x080065aa   0x00000000   Code   RO         1977    .ARM.Collect$$libinit$$0000000E  c_w.l(libinit2.o)
    0x080065aa   0x00000000   Code   RO         1980    .ARM.Collect$$libinit$$00000011  c_w.l(libinit2.o)
    0x080065aa   0x00000000   Code   RO         1982    .ARM.Collect$$libinit$$00000013  c_w.l(libinit2.o)
    0x080065aa   0x00000000   Code   RO         1984    .ARM.Collect$$libinit$$00000015  c_w.l(libinit2.o)
    0x080065aa   0x00000000   Code   RO         1986    .ARM.Collect$$libinit$$00000017  c_w.l(libinit2.o)
    0x080065aa   0x00000000   Code   RO         1988    .ARM.Collect$$libinit$$00000019  c_w.l(libinit2.o)
    0x080065aa   0x00000000   Code   RO         1990    .ARM.Collect$$libinit$$0000001B  c_w.l(libinit2.o)
    0x080065aa   0x00000000   Code   RO         1992    .ARM.Collect$$libinit$$0000001D  c_w.l(libinit2.o)
    0x080065aa   0x00000000   Code   RO         1994    .ARM.Collect$$libinit$$0000001F  c_w.l(libinit2.o)
    0x080065aa   0x00000000   Code   RO         1996    .ARM.Collect$$libinit$$00000021  c_w.l(libinit2.o)
    0x080065aa   0x00000000   Code   RO         1998    .ARM.Collect$$libinit$$00000023  c_w.l(libinit2.o)
    0x080065aa   0x00000000   Code   RO         2000    .ARM.Collect$$libinit$$00000025  c_w.l(libinit2.o)
    0x080065aa   0x00000000   Code   RO         2004    .ARM.Collect$$libinit$$0000002C  c_w.l(libinit2.o)
    0x080065aa   0x00000000   Code   RO         2006    .ARM.Collect$$libinit$$0000002E  c_w.l(libinit2.o)
    0x080065aa   0x00000000   Code   RO         2008    .ARM.Collect$$libinit$$00000030  c_w.l(libinit2.o)
    0x080065aa   0x00000000   Code   RO         2010    .ARM.Collect$$libinit$$00000032  c_w.l(libinit2.o)
    0x080065aa   0x00000002   Code   RO         2011    .ARM.Collect$$libinit$$00000033  c_w.l(libinit2.o)
    0x080065ac   0x00000002   Code   RO         2031    .ARM.Collect$$libshutdown$$00000000  c_w.l(libshutdown.o)
    0x080065ae   0x00000000   Code   RO         2044    .ARM.Collect$$libshutdown$$00000002  c_w.l(libshutdown2.o)
    0x080065ae   0x00000000   Code   RO         2046    .ARM.Collect$$libshutdown$$00000004  c_w.l(libshutdown2.o)
    0x080065ae   0x00000000   Code   RO         2049    .ARM.Collect$$libshutdown$$00000007  c_w.l(libshutdown2.o)
    0x080065ae   0x00000000   Code   RO         2052    .ARM.Collect$$libshutdown$$0000000A  c_w.l(libshutdown2.o)
    0x080065ae   0x00000000   Code   RO         2054    .ARM.Collect$$libshutdown$$0000000C  c_w.l(libshutdown2.o)
    0x080065ae   0x00000000   Code   RO         2057    .ARM.Collect$$libshutdown$$0000000F  c_w.l(libshutdown2.o)
    0x080065ae   0x00000002   Code   RO         2058    .ARM.Collect$$libshutdown$$00000010  c_w.l(libshutdown2.o)
    0x080065b0   0x00000000   Code   RO         1927    .ARM.Collect$$rtentry$$00000000  c_w.l(__rtentry.o)
    0x080065b0   0x00000000   Code   RO         1938    .ARM.Collect$$rtentry$$00000002  c_w.l(__rtentry2.o)
    0x080065b0   0x00000006   Code   RO         1950    .ARM.Collect$$rtentry$$00000004  c_w.l(__rtentry4.o)
    0x080065b6   0x00000000   Code   RO         1940    .ARM.Collect$$rtentry$$00000009  c_w.l(__rtentry2.o)
    0x080065b6   0x00000004   Code   RO         1941    .ARM.Collect$$rtentry$$0000000A  c_w.l(__rtentry2.o)
    0x080065ba   0x00000000   Code   RO         1943    .ARM.Collect$$rtentry$$0000000C  c_w.l(__rtentry2.o)
    0x080065ba   0x00000008   Code   RO         1944    .ARM.Collect$$rtentry$$0000000D  c_w.l(__rtentry2.o)
    0x080065c2   0x00000002   Code   RO         1965    .ARM.Collect$$rtexit$$00000000  c_w.l(rtexit.o)
    0x080065c4   0x00000000   Code   RO         2013    .ARM.Collect$$rtexit$$00000002  c_w.l(rtexit2.o)
    0x080065c4   0x00000004   Code   RO         2014    .ARM.Collect$$rtexit$$00000003  c_w.l(rtexit2.o)
    0x080065c8   0x00000006   Code   RO         2015    .ARM.Collect$$rtexit$$00000004  c_w.l(rtexit2.o)
    0x080065ce   0x00000002   PAD
    0x080065d0   0x00000022   Code   RO          336    .emb_text           sys.o
    0x080065f2   0x00000002   PAD
    0x080065f4   0x00000370   Code   RO            3    .text               system_stm32l1xx.o
    0x08006964   0x0000003c   Code   RO           59    .text               startup_stm32l1xx_md.o
    0x080069a0   0x00000002   Code   RO           65    .text               devicereset.o
    0x080069a2   0x00000002   PAD
    0x080069a4   0x00000140   Code   RO          118    .text               flash.o
    0x08006ae4   0x00000134   Code   RO          142    .text               gpio.o
    0x08006c18   0x000003b0   Code   RO          162    .text               i2c.o
    0x08006fc8   0x00000058   Code   RO          185    .text               instruct.o
    0x08007020   0x00000220   Code   RO          208    .text               program.o
    0x08007240   0x00000980   Code   RO          242    .text               si4432.o
    0x08007bc0   0x00000134   Code   RO          310    .text               spi.o
    0x08007cf4   0x000002c4   Code   RO          337    .text               sys.o
    0x08007fb8   0x00000108   Code   RO          363    .text               syshard.o
    0x080080c0   0x00000088   Code   RO          386    .text               systick.o
    0x08008148   0x00000020   Code   RO          408    .text               test.o
    0x08008168   0x00000124   Code   RO          437    .text               usart.o
    0x0800828c   0x0000000c   Code   RO          460    .text               wdg.o
    0x08008298   0x000001dc   Code   RO          483    .text               adc.o
    0x08008474   0x000002d4   Code   RO          506    .text               battery.o
    0x08008748   0x000000e0   Code   RO          537    .text               batteryexeattr.o
    0x08008828   0x00000160   Code   RO          586    .text               lowpower.o
    0x08008988   0x00000050   Code   RO          629    .text               main.o
    0x080089d8   0x00000040   Code   RO          669    .text               unitcfg.o
    0x08008a18   0x000003a0   Code   RO          730    .text               iic.o
    0x08008db8   0x00000068   Code   RO          787    .text               wtc6216.o
    0x08008e20   0x00000424   Code   RO          807    .text               oled.o
    0x08009244   0x00000134   Code   RO          833    .text               74hc595.o
    0x08009378   0x00000120   Code   RO          884    .text               queue.o
    0x08009498   0x000000b8   Code   RO          901    .text               timx.o
    0x08009550   0x0000006c   Code   RO          925    .text               extix.o
    0x080095bc   0x0000047e   Code   RO          948    .text               key.o
    0x08009a3a   0x00000002   PAD
    0x08009a3c   0x00000248   Code   RO         1000    .text               showled.o
    0x08009c84   0x000002d0   Code   RO         1024    .text               keyexeattr.o
    0x08009f54   0x00000100   Code   RO         1056    .text               BestFu_STM32L15X_L10200.lib(bestfulib.o)
    0x0800a054   0x0000034c   Code   RO         1071    .text               BestFu_STM32L15X_L10200.lib(cmdprocess.o)
    0x0800a3a0   0x0000032c   Code   RO         1145    .text               BestFu_STM32L15X_L10200.lib(command.o)
    0x0800a6cc   0x00000034   Code   RO         1168    .text               BestFu_STM32L15X_L10200.lib(delay.o)
    0x0800a700   0x00000166   Code   RO         1217    .text               BestFu_STM32L15X_L10200.lib(eeprom.o)
    0x0800a866   0x00000002   PAD
    0x0800a868   0x00000050   Code   RO         1247    .text               BestFu_STM32L15X_L10200.lib(faultmanage.o)
    0x0800a8b8   0x00000296   Code   RO         1265    .text               BestFu_STM32L15X_L10200.lib(fifo.o)
    0x0800ab4e   0x00000002   PAD
    0x0800ab50   0x000000a0   Code   RO         1277    .text               BestFu_STM32L15X_L10200.lib(linkscanfifo.o)
    0x0800abf0   0x00000190   Code   RO         1318    .text               BestFu_STM32L15X_L10200.lib(msgpackage.o)
    0x0800ad80   0x00000a9c   Code   RO         1336    .text               BestFu_STM32L15X_L10200.lib(sysexeattr.o)
    0x0800b81c   0x0000032c   Code   RO         1385    .text               BestFu_STM32L15X_L10200.lib(thread.o)
    0x0800bb48   0x00000318   Code   RO         1401    .text               BestFu_STM32L15X_L10200.lib(updata.o)
    0x0800be60   0x0000024c   Code   RO         1429    .text               BestFu_STM32L15X_L10200.lib(upload.o)
    0x0800c0ac   0x00000c2c   Code   RO         1446    .text               BestFu_STM32L15X_L10200.lib(userdata.o)
    0x0800ccd8   0x000001a8   Code   RO         1481    .text               BestFu_STM32L15X_L10200.lib(sign433attr.o)
    0x0800ce80   0x000003bc   Code   RO         1518    .text               BestFu_STM32L15X_L10200.lib(dataencrypt.o)
    0x0800d23c   0x000000b0   Code   RO         1548    .text               BestFu_STM32L15X_L10200.lib(devparttab.o)
    0x0800d2ec   0x00000070   Code   RO         1573    .text               BestFu_STM32L15X_L10200.lib(crc.o)
    0x0800d35c   0x00000230   Code   RO         1590    .text               BestFu_STM32L15X_L10200.lib(flashattr.o)
    0x0800d58c   0x000002d0   Code   RO         1608    .text               BestFu_STM32L15X_L10200.lib(linksrc.o)
    0x0800d85c   0x00000510   Code   RO         1620    .text               BestFu_STM32L15X_L10200.lib(linkwrdc.o)
    0x0800dd6c   0x00000658   Code   RO         1641    .text               BestFu_STM32L15X_L10200.lib(object.o)
    0x0800e3c4   0x000002c0   Code   RO         1679    .text               BestFu_STM32L15X_L10200.lib(scene&group.o)
    0x0800e684   0x00000064   Code   RO         1710    .text               BestFu_STM32L15X_L10200.lib(systestattr.o)
    0x0800e6e8   0x0000029c   Code   RO         1736    .text               BestFu_STM32L15X_L10200.lib(unitshare_attr.o)
    0x0800e984   0x000001b0   Code   RO         1750    .text               BestFu_STM32L15X_L10200.lib(userdatadownload.o)
    0x0800eb34   0x000000b8   Code   RO         1774    .text               BestFu_STM32L15X_L10200.lib(sign433.o)
    0x0800ebec   0x00000168   Code   RO         1796    .text               BestFu_STM32L15X_L10200.lib(deviceidsetattr.o)
    0x0800ed54   0x00000324   Code   RO         1821    .text               BestFu_STM32L15X_L10200.lib(linksimplest.o)
    0x0800f078   0x000002a0   Code   RO         1845    .text               BestFu_STM32L15X_L10200.lib(linksimplesttime.o)
    0x0800f318   0x000001c0   Code   RO         1867    .text               BestFu_STM32L15X_L10200.lib(timehandle.o)
    0x0800f4d8   0x0000004e   Code   RO         1881    .text               c_w.l(rt_memclr_w.o)
    0x0800f526   0x00000006   Code   RO         1883    .text               c_w.l(heapauxi.o)
    0x0800f52c   0x0000004a   Code   RO         1952    .text               c_w.l(sys_stackheap_outer.o)
    0x0800f576   0x00000012   Code   RO         1954    .text               c_w.l(exit.o)
    0x0800f588   0x00000008   Code   RO         1962    .text               c_w.l(libspace.o)
    0x0800f590   0x0000000c   Code   RO         2023    .text               c_w.l(sys_exit.o)
    0x0800f59c   0x00000002   Code   RO         2034    .text               c_w.l(use_no_semi.o)
    0x0800f59e   0x00000000   Code   RO         2036    .text               c_w.l(indicate_semi.o)
    0x0800f59e   0x00000002   PAD
    0x0800f5a0   0x00000040   Code   RO         1694    i.DecryptionFlash   BestFu_STM32L15X_L10200.lib(scene&group.o)
    0x0800f5e0   0x00000150   Code   RO         1887    x$fpl$dadd          fz_ws.l(daddsub_clz.o)
    0x0800f730   0x0000005a   Code   RO         1893    x$fpl$dfixu         fz_ws.l(dfixu.o)
    0x0800f78a   0x0000002e   Code   RO         1898    x$fpl$dflt          fz_ws.l(dflt_clz.o)
    0x0800f7b8   0x00000026   Code   RO         1897    x$fpl$dfltu         fz_ws.l(dflt_clz.o)
    0x0800f7de   0x00000002   PAD
    0x0800f7e0   0x00000154   Code   RO         1903    x$fpl$dmul          fz_ws.l(dmul.o)
    0x0800f934   0x0000009c   Code   RO         1928    x$fpl$dnaninf       fz_ws.l(dnaninf.o)
    0x0800f9d0   0x0000000c   Code   RO         1930    x$fpl$dretinf       fz_ws.l(dretinf.o)
    0x0800f9dc   0x000001d4   Code   RO         1889    x$fpl$dsub          fz_ws.l(daddsub_clz.o)
    0x0800fbb0   0x00000000   Code   RO         1936    x$fpl$usenofp       fz_ws.l(usenofp.o)
    0x0800fbb0   0x00000008   Data   RO          209    .constdata          program.o
    0x0800fbb8   0x0000001e   Data   RO          244    .constdata          si4432.o
    0x0800fbd6   0x00000016   Data   RO          507    .constdata          battery.o
    0x0800fbec   0x00000028   Data   RO          671    .constdata          unitcfg.o
    0x0800fc14   0x000007b7   Data   RO          808    .constdata          oled.o
    0x080103cb   0x00000001   PAD
    0x080103cc   0x000001e2   Data   RO          851    .constdata          touchpadpic.o
    0x080105ae   0x00000011   Data   RO          950    .constdata          key.o
    0x080105bf   0x00000001   PAD
    0x080105c0   0x0000021c   Data   RO         1025    .constdata          keyexeattr.o
    0x080107dc   0x0000000c   Data   RO         1146    .constdata          BestFu_STM32L15X_L10200.lib(command.o)
    0x080107e8   0x000002e4   Data   RO         1337    .constdata          BestFu_STM32L15X_L10200.lib(sysexeattr.o)
    0x08010acc   0x00000010   Data   RO         1519    .constdata          BestFu_STM32L15X_L10200.lib(dataencrypt.o)
    0x08010adc   0x00000048   Data   RO         1549    .constdata          BestFu_STM32L15X_L10200.lib(devparttab.o)
    0x08010b24   0x00000200   Data   RO         1574    .constdata          BestFu_STM32L15X_L10200.lib(crc.o)
    0x08010d24   0x00000020   Data   RO         2089    Region$$Table       anon$$obj.o


    Execution Region RW_IRAM1 (Base: 0x20000000, Size: 0x00002c30, Max: 0x00004000, ABSOLUTE, COMPRESSED[0x000000d0])

    Base Addr    Size         Type   Attr      Idx    E Section Name        Object

    0x20000000   0x00000019   Data   RW            4    .data               system_stm32l1xx.o
    0x20000019   0x00000003   PAD
    0x2000001c   0x00000018   Data   RW          245    .data               si4432.o
    0x20000034   0x00000008   Data   RW          387    .data               systick.o
    0x2000003c   0x00000004   Data   RW          409    .data               test.o
    0x20000040   0x00000002   Data   RW          508    .data               battery.o
    0x20000042   0x00000008   Data   RW          587    .data               lowpower.o
    0x2000004a   0x00000002   PAD
    0x2000004c   0x000000c4   Data   RW          852    .data               touchpadpic.o
    0x20000110   0x00000001   Data   RW          902    .data               timx.o
    0x20000111   0x0000000e   Data   RW          951    .data               key.o
    0x2000011f   0x00000001   PAD
    0x20000120   0x00000019   Data   RW         1002    .data               showled.o
    0x20000139   0x00000001   Data   RW         1026    .data               keyexeattr.o
    0x2000013a   0x00000002   PAD
    0x2000013c   0x0000010c   Data   RW         1403    .data               BestFu_STM32L15X_L10200.lib(updata.o)
    0x20000248   0x00000001   Data   RW         1431    .data               BestFu_STM32L15X_L10200.lib(upload.o)
    0x20000249   0x00000003   PAD
    0x2000024c   0x00000005   Data   RW         1448    .data               BestFu_STM32L15X_L10200.lib(userdata.o)
    0x20000251   0x00000008   Data   RW         1520    .data               BestFu_STM32L15X_L10200.lib(dataencrypt.o)
    0x20000259   0x00000003   PAD
    0x2000025c   0x00000004   Data   RW         1550    .data               BestFu_STM32L15X_L10200.lib(devparttab.o)
    0x20000260   0x00000005   Data   RW         1643    .data               BestFu_STM32L15X_L10200.lib(object.o)
    0x20000265   0x00000002   Data   RW         1776    .data               BestFu_STM32L15X_L10200.lib(sign433.o)
    0x20000267   0x00000001   PAD
    0x20000268   0x00000064   Zero   RW          243    .bss                si4432.o
    0x200002cc   0x00000014   Zero   RW          670    .bss                unitcfg.o
    0x200002e0   0x00000062   Zero   RW          949    .bss                key.o
    0x20000342   0x00000002   PAD
    0x20000344   0x00000d80   Zero   RW         1072    .bss                BestFu_STM32L15X_L10200.lib(cmdprocess.o)
    0x200010c4   0x00000090   Zero   RW         1278    .bss                BestFu_STM32L15X_L10200.lib(linkscanfifo.o)
    0x20001154   0x00000144   Zero   RW         1386    .bss                BestFu_STM32L15X_L10200.lib(thread.o)
    0x20001298   0x0000002c   Zero   RW         1402    .bss                BestFu_STM32L15X_L10200.lib(updata.o)
    0x200012c4   0x00000120   Zero   RW         1430    .bss                BestFu_STM32L15X_L10200.lib(upload.o)
    0x200013e4   0x0000023f   Zero   RW         1447    .bss                BestFu_STM32L15X_L10200.lib(userdata.o)
    0x20001623   0x00000001   PAD
    0x20001624   0x00000140   Zero   RW         1642    .bss                BestFu_STM32L15X_L10200.lib(object.o)
    0x20001764   0x0000008c   Zero   RW         1751    .bss                BestFu_STM32L15X_L10200.lib(userdatadownload.o)
    0x200017f0   0x0000000c   Zero   RW         1775    .bss                BestFu_STM32L15X_L10200.lib(sign433.o)
    0x200017fc   0x00000673   Zero   RW         1822    .bss                BestFu_STM32L15X_L10200.lib(linksimplest.o)
    0x20001e6f   0x0000015f   Zero   RW         1846    .bss                BestFu_STM32L15X_L10200.lib(linksimplesttime.o)
    0x20001fce   0x00000002   PAD
    0x20001fd0   0x00000060   Zero   RW         1963    .bss                c_w.l(libspace.o)
    0x20002030   0x00000000   Zero   RW           57    HEAP                startup_stm32l1xx_md.o
    0x20002030   0x00000c00   Zero   RW           56    STACK               startup_stm32l1xx_md.o


==============================================================================

Image component sizes


      Code (inc. data)   RO Data    RW Data    ZI Data      Debug   Object Name

       308          0          0          0          0       1034   74hc595.o
       476         16          0          0          0       2149   adc.o
       724         14         22          2          0       4320   battery.o
       224         20          0          0          0       8347   batteryexeattr.o
         2          0          0          0          0       7659   devicereset.o
       108          4          0          0          0        914   extix.o
       320         22          0          0          0       3659   flash.o
       308         10          0          0          0       2294   gpio.o
       944          0          0          0          0       3953   i2c.o
       928          6          0          0          0       3564   iic.o
        88          6          0          0          0        910   instruct.o
      1150        114         17         14         98       5799   key.o
       720         58        540          1          0       4214   keyexeattr.o
       352         50          0          8          0      26657   lowpower.o
        80         16          0          0          0        603   main.o
      1060         18       1975          0          0       5656   oled.o
       544         32          8          0          0       4221   program.o
       288          0          0          0          0       2544   queue.o
       584         32          0         25          0       3231   showled.o
      2432        116         30         24        100       9043   si4432.o
       308         10          0          0          0       1232   spi.o
        60         22        244          0       3072        876   startup_stm32l1xx_md.o
       742         50          0          0          0       3910   sys.o
       264         22          0          0          0       1066   syshard.o
       880         44          0         25          0     192622   system_stm32l1xx.o
       136         14          0          8          0       1535   systick.o
        32          4          0          4          0        895   test.o
       184          8          0          1          0       1863   timx.o
         0          0        482        196          0       1062   touchpadpic.o
        64          8         40          0         20       3616   unitcfg.o
       292         18          0          0          0       1955   usart.o
        12          0          0          0          0       1477   wdg.o
       104          6          0          0          0       1179   wtc6216.o

    ----------------------------------------------------------------------
     14724        740       3392        316       3292     314059   Object Totals
         0          0         32          0          0          0   (incl. Generated)
         6          0          2          8          2          0   (incl. Padding)

    ----------------------------------------------------------------------

      Code (inc. data)   RO Data    RW Data    ZI Data      Debug   Library Member Name

       256          0          0          0          0       2522   bestfulib.o
       844        100          0          0       3456      14702   cmdprocess.o
       812          8         12          0          0       3449   command.o
       112          4        512          0          0       1719   crc.o
       956         24         16          8          0       3753   dataencrypt.o
        52          0          0          0          0        716   delay.o
       360         24          0          0          0       2390   deviceidsetattr.o
       176         14         72          4          0       2445   devparttab.o
       358          0          0          0          0       2703   eeprom.o
        80          6          0          0          0       1251   faultmanage.o
       662          0          0          0          0       4210   fifo.o
       560         18          0          0          0       3555   flashattr.o
       160         14          0          0        144       4262   linkscanfifo.o
       804         10          0          0       1651       5406   linksimplest.o
       672          8          0          0        351       4844   linksimplesttime.o
       720         34          0          0          0       2709   linksrc.o
      1296         10          0          0          0       9356   linkwrdc.o
       400         12          0          0          0       2812   msgpackage.o
      1624         48          0          5        320       5472   object.o
       768         14          0          0          0       3400   scene&group.o
       184         10          0          2         12       2541   sign433.o
       424         26          0          0          0       9045   sign433attr.o
      2716         24        740          0          0      15834   sysexeattr.o
       100         16          0          0          0        778   systestattr.o
       812          4          0          0        324       3549   thread.o
       448          0          0          0          0       2317   timehandle.o
       668          8          0          0          0       2919   unitshare_attr.o
       792         32          0        268         44       5208   updata.o
       588         18          0          1        288       2614   upload.o
      3116         52          0          5        575      16308   userdata.o
       432         16          0          0        140       2425   userdatadownload.o
        90          0          0          0          0          0   __dczerorl2.o
         8          0          0          0          0         68   __main.o
         0          0          0          0          0          0   __rtentry.o
        12          0          0          0          0          0   __rtentry2.o
         6          0          0          0          0          0   __rtentry4.o
        52          8          0          0          0          0   __scatter.o
        28          0          0          0          0          0   __scatter_zi.o
        18          0          0          0          0         80   exit.o
         6          0          0          0          0        152   heapauxi.o
         0          0          0          0          0          0   indicate_semi.o
         2          0          0          0          0          0   libinit.o
         2          0          0          0          0          0   libinit2.o
         2          0          0          0          0          0   libshutdown.o
         2          0          0          0          0          0   libshutdown2.o
         8          4          0          0         96         68   libspace.o
        78          0          0          0          0         80   rt_memclr_w.o
         2          0          0          0          0          0   rtexit.o
        10          0          0          0          0          0   rtexit2.o
        12          4          0          0          0         68   sys_exit.o
        74          0          0          0          0         80   sys_stackheap_outer.o
         2          0          0          0          0         68   use_no_semi.o
       804         16          0          0          0        272   daddsub_clz.o
        90          4          0          0          0         92   dfixu.o
        84          0          0          0          0        136   dflt_clz.o
       340         12          0          0          0        104   dmul.o
       156          4          0          0          0         92   dnaninf.o
        12          0          0          0          0         68   dretinf.o
         0          0          0          0          0          0   usenofp.o

    ----------------------------------------------------------------------
     23864        606       1352        300       7404     146642   Library Totals
        12          0          0          7          3          0   (incl. Padding)

    ----------------------------------------------------------------------

      Code (inc. data)   RO Data    RW Data    ZI Data      Debug   Library Name

     21952        554       1352        293       7305     145214   BestFu_STM32L15X_L10200.lib
       414         16          0          0         96        664   c_w.l
      1486         36          0          0          0        764   fz_ws.l

    ----------------------------------------------------------------------
     23864        606       1352        300       7404     146642   Library Totals

    ----------------------------------------------------------------------

==============================================================================


      Code (inc. data)   RO Data    RW Data    ZI Data      Debug   

     38588       1346       4744        616      10696     455393   Grand Totals
     38588       1346       4744        208      10696     455393   ELF Image Totals (compressed)
     38588       1346       4744        208          0          0   ROM Totals

==============================================================================

    Total RO  Size (Code + RO Data)                43332 (  42.32kB)
    Total RW  Size (RW Data + ZI Data)             11312 (  11.05kB)
    Total ROM Size (Code + RO Data + RW Data)      43540 (  42.52kB)

==============================================================================

